MPLINK 4.35, Linker
Linker Map File - Created Sat May 08 18:46:46 2010

                                 Section Info
                  Section       Type    Address   Location Size(Bytes)
                ---------  ---------  ---------  ---------  ---------
               _entry_scn       code   0x000000    program   0x000006
    HIGH_INTERRUPT_VECTOR       code   0x000008    program   0x000006
     LOW_INTERRUPT_VECTOR       code   0x000018    program   0x000006
    REMAPPED_RESET_VECTOR       code   0x001000    program   0x000006
REMAPPED_HIGH_INTERRUPT_VECTOR       code   0x001008    program   0x000006
REMAPPED_LOW_INTERRUPT_VECTOR       code   0x001018    program   0x000006
                   .cinit    romdata   0x00102a    program   0x00001a
         .code_vfprintf.o       code   0x001044    program   0x000c22
   .code_flash_recorder.o       code   0x001c66    program   0x000358
           .code_t1open.o       code   0x001fbe    program   0x000042
                    Files    romdata   0x002000    program   0x003000
       .code_usb_device.o       code   0x005000    program   0x0010ee
 .code_usb_function_msd.o       code   0x0060ee    program   0x000b6a
          .code_tinyFAT.o       code   0x006c58    program   0x000834
   .code_Internal Flash.o       code   0x00748c    program   0x000356
             .code_main.o       code   0x0077e2    program   0x000216
                   STRING       code   0x0079f8    program   0x0001a8
.romdata_usb_descriptors.o    romdata   0x007ba0    program   0x0000ac
          .code_sprintf.o       code   0x007c4c    program   0x0000ac
               _cinit_scn       code   0x007cf8    program   0x00009e
             .code_putc.o       code   0x007d96    program   0x000084
          .code_fxm3232.o       code   0x007e1a    program   0x000070
                     PROG       code   0x007e8a    program   0x00005a
         .code_fxd3232u.o       code   0x007ee4    program   0x000048
                    CTYPE       code   0x007f2c    program   0x000024
          .romdata_main.o    romdata   0x007f50    program   0x000024
                    .code       code   0x007f74    program   0x000020
             _startup_scn       code   0x007f94    program   0x00001c
                    STDIO       code   0x007fb0    program   0x00001c
      .romdata_vfprintf.o    romdata   0x007fcc    program   0x000011
.romdata_flash_recorder.o    romdata   0x007fdd    program   0x00000c
             .stringtable    romdata   0x007fe9    program   0x00000a
        .idata_t1open.o_i    romdata   0x007ff3    program   0x000000
       .romdata_fxm3232.o    romdata   0x007ff3    program   0x000000
       .idata_fxm3232.o_i    romdata   0x007ff3    program   0x000000
        .romdata_t1open.o    romdata   0x007ff3    program   0x000000
        .idata___init.o_i    romdata   0x007ff3    program   0x000000
        .romdata___init.o    romdata   0x007ff3    program   0x000000
       .idata_sprintf.o_i    romdata   0x007ff3    program   0x000000
       .romdata_sprintf.o    romdata   0x007ff3    program   0x000000
      .idata_vfprintf.o_i    romdata   0x007ff3    program   0x000000
    .romdata__user_putc.o    romdata   0x007ff3    program   0x000000
      .idata_fxd3232u.o_i    romdata   0x007ff3    program   0x000000
      .romdata_fxd3232u.o    romdata   0x007ff3    program   0x000000
    .idata__user_putc.o_i    romdata   0x007ff3    program   0x000000
          .idata_putc.o_i    romdata   0x007ff3    program   0x000000
          .romdata_putc.o    romdata   0x007ff3    program   0x000000
         .idata_c018i.o_i    romdata   0x007ff3    program   0x000000
         .romdata_c018i.o    romdata   0x007ff3    program   0x000000
         .idata_Files.o_i    romdata   0x007ff3    program   0x000000
         .romdata_Files.o    romdata   0x007ff3    program   0x000000
          .idata_main.o_i    romdata   0x007ff3    program   0x000000
.idata_usb_descriptors.o_i    romdata   0x007ff3    program   0x000000
.romdata_Internal Flash.o    romdata   0x007ff3    program   0x000000
       .romdata_tinyFAT.o    romdata   0x007ff3    program   0x000000
       .idata_tinyFAT.o_i    romdata   0x007ff3    program   0x000000
.idata_flash_recorder.o_i    romdata   0x007ff3    program   0x000000
.romdata_usb_function_msd.o    romdata   0x007ff3    program   0x000000
    .idata_usb_device.o_i    romdata   0x007ff3    program   0x000000
    .romdata_usb_device.o    romdata   0x007ff3    program   0x000000
       .code__user_putc.o       code   0x007ff4    program   0x000002
            .code_c018i.o       code   0x007ff4    program   0x000000
  .code_usb_descriptors.o       code   0x007ff4    program   0x000000
            .code_Files.o       code   0x007ff4    program   0x000000
           .code___init.o       code   0x007ff6    program   0x000002
.idata_usb_function_msd.o_i    romdata   0x007ff8    program   0x000003
.idata_Internal Flash.o_i    romdata   0x007ffb    program   0x000002
    .config_300000_main.o    romdata   0x300000    program   0x000001
    .config_300001_main.o    romdata   0x300001    program   0x000001
    .config_300002_main.o    romdata   0x300002    program   0x000001
    .config_300003_main.o    romdata   0x300003    program   0x000001
    .config_300005_main.o    romdata   0x300005    program   0x000001
    .config_300006_main.o    romdata   0x300006    program   0x000001
    .config_300008_main.o    romdata   0x300008    program   0x000001
    .config_300009_main.o    romdata   0x300009    program   0x000001
    .config_30000a_main.o    romdata   0x30000a    program   0x000001
    .config_30000b_main.o    romdata   0x30000b    program   0x000001
    .config_30000c_main.o    romdata   0x30000c    program   0x000001
    .config_30000d_main.o    romdata   0x30000d    program   0x000001
                MATH_DATA      udata   0x000000       data   0x000014
                 .tmpdata      udata   0x000014       data   0x000008
.udata_usb_function_msd.o      udata   0x000060       data   0x00004c
             myFileBuffer      udata   0x0000ac       data   0x000040
           .udata_c018i.o      udata   0x0000ec       data   0x00000a
  .udata_flash_recorder.o      udata   0x0000f6       data   0x000007
.idata_usb_function_msd.o      idata   0x0000fd       data   0x000003
      .udata_usb_device.o      udata   0x000100       data   0x000026
         .udata_tinyFAT.o      udata   0x000126       data   0x000022
  .udata_Internal Flash.o      udata   0x000148       data   0x000005
            .udata_main.o      udata   0x00014d       data   0x000002
  .idata_Internal Flash.o      idata   0x00014f       data   0x000002
          .udata_t1open.o      udata   0x000151       data   0x000000
          .idata_t1open.o      idata   0x000151       data   0x000000
          .udata___init.o      udata   0x000151       data   0x000000
          .idata___init.o      idata   0x000151       data   0x000000
         .udata_sprintf.o      udata   0x000151       data   0x000000
      .idata__user_putc.o      idata   0x000151       data   0x000000
      .udata__user_putc.o      udata   0x000151       data   0x000000
            .idata_putc.o      idata   0x000151       data   0x000000
         .idata_sprintf.o      idata   0x000151       data   0x000000
        .udata_vfprintf.o      udata   0x000151       data   0x000000
        .idata_vfprintf.o      idata   0x000151       data   0x000000
            .udata_putc.o      udata   0x000151       data   0x000000
        .udata_fxd3232u.o      udata   0x000151       data   0x000000
        .idata_fxd3232u.o      idata   0x000151       data   0x000000
         .idata_fxm3232.o      idata   0x000151       data   0x000000
         .udata_fxm3232.o      udata   0x000151       data   0x000000
         .idata_tinyFAT.o      idata   0x000151       data   0x000000
  .idata_flash_recorder.o      idata   0x000151       data   0x000000
      .idata_usb_device.o      idata   0x000151       data   0x000000
 .idata_usb_descriptors.o      idata   0x000151       data   0x000000
 .udata_usb_descriptors.o      udata   0x000151       data   0x000000
            .idata_main.o      idata   0x000151       data   0x000000
           .idata_Files.o      idata   0x000151       data   0x000000
           .udata_Files.o      udata   0x000151       data   0x000000
           .idata_c018i.o      idata   0x000151       data   0x000000
                   .stack      udata   0x000300       data   0x000100
                  USB_BDT      udata   0x000400       data   0x00005c
                    myMSD      udata   0x000600       data   0x000200
            SFR_UNBANKED0      udata   0x000f66       data   0x00009a



                              Program Memory Usage 
                               Start         End      
                           ---------   ---------      
                            0x000000    0x000005      
                            0x000008    0x00000d      
                            0x000018    0x00001d      
                            0x001000    0x001005      
                            0x001008    0x00100d      
                            0x001018    0x00101d      
                            0x00102a    0x007ff2      
                            0x007ff4    0x007ffc      
                            0x300000    0x300003      
                            0x300005    0x300006      
                            0x300008    0x30000d      
            28674 out of 33048 program addresses used, program memory utilization is 86%



                              Symbols - Sorted by Name
                     Name    Address   Location    Storage File                     
                ---------  ---------  ---------  --------- ---------                
               BootSector   0x002200    program     extern C:\rutles-r2550eb\Flash Recorder - R2550EB\Files.c
               EraseBlock   0x0077ae    program     extern C:\rutles-r2550eb\Flash Recorder - R2550EB\MDD File System\Internal Flash.c
                     FAT0   0x002400    program     extern C:\rutles-r2550eb\Flash Recorder - R2550EB\Files.c
                 FXD3232U   0x007ee4    program     extern C:\MCC18\src\traditional\math\fxd3232u.c
                 FXM1616S   0x007e8a    program     extern C:\MCC18\src\traditional\math\fxm1616s.asm
                  FXM3232   0x007e1a    program     extern C:\MCC18\src\traditional\math\fxm3232.c
                 High_ISR   0x000008    program     extern C:\rutles-r2550eb\Flash Recorder - R2550EB\main.c
         InitializeSystem   0x0078f8    program     static C:\rutles-r2550eb\Flash Recorder - R2550EB\main.c
                  Low_ISR   0x000018    program     extern C:\rutles-r2550eb\Flash Recorder - R2550EB\main.c
      MDD_IntFlash_InitIO   0x0074aa    program     extern C:\rutles-r2550eb\Flash Recorder - R2550EB\MDD File System\Internal Flash.c
 MDD_IntFlash_MediaDetect   0x00748c    program     extern C:\rutles-r2550eb\Flash Recorder - R2550EB\MDD File System\Internal Flash.c
MDD_IntFlash_MediaInitialize   0x0074b0    program     extern C:\rutles-r2550eb\Flash Recorder - R2550EB\MDD File System\Internal Flash.c
MDD_IntFlash_ReadCapacity   0x00749c    program     extern C:\rutles-r2550eb\Flash Recorder - R2550EB\MDD File System\Internal Flash.c
MDD_IntFlash_ReadSectorSize   0x007492    program     extern C:\rutles-r2550eb\Flash Recorder - R2550EB\MDD File System\Internal Flash.c
  MDD_IntFlash_SectorRead   0x0074c8    program     extern C:\rutles-r2550eb\Flash Recorder - R2550EB\MDD File System\Internal Flash.c
 MDD_IntFlash_SectorWrite   0x00753e    program     extern C:\rutles-r2550eb\Flash Recorder - R2550EB\MDD File System\Internal Flash.c
MDD_IntFlash_WriteProtectState   0x0077dc    program     extern C:\rutles-r2550eb\Flash Recorder - R2550EB\MDD File System\Internal Flash.c
        MSDProcessCommand   0x0067dc    program     extern C:\rutles-r2550eb\Flash Recorder - R2550EB\USB\MSD Device Driver\usb_function_msd.c
MSDProcessCommandMediaAbsent   0x006684    program     extern C:\rutles-r2550eb\Flash Recorder - R2550EB\USB\MSD Device Driver\usb_function_msd.c
MSDProcessCommandMediaPresent   0x0063d6    program     extern C:\rutles-r2550eb\Flash Recorder - R2550EB\USB\MSD Device Driver\usb_function_msd.c
           MSDReadHandler   0x0068aa    program     extern C:\rutles-r2550eb\Flash Recorder - R2550EB\USB\MSD Device Driver\usb_function_msd.c
                 MSDTasks   0x0061ce    program     extern C:\rutles-r2550eb\Flash Recorder - R2550EB\USB\MSD Device Driver\usb_function_msd.c
          MSDWriteHandler   0x006a42    program     extern C:\rutles-r2550eb\Flash Recorder - R2550EB\USB\MSD Device Driver\usb_function_msd.c
         MasterBootRecord   0x002000    program     extern C:\rutles-r2550eb\Flash Recorder - R2550EB\Files.c
               OpenTimer1   0x001fbe    program     extern C:\MCC18\src\pmc_common\Timers\t1open.c
                ProcessIO   0x007900    program     extern C:\rutles-r2550eb\Flash Recorder - R2550EB\main.c
                  ReadPOT   0x001cec    program     extern C:\rutles-r2550eb\Flash Recorder - R2550EB\flash_recorder.c
        Remapped_High_ISR   0x001008    program     extern C:\rutles-r2550eb\Flash Recorder - R2550EB\main.c
         Remapped_Low_ISR   0x001018    program     extern C:\rutles-r2550eb\Flash Recorder - R2550EB\main.c
           ResetSenseData   0x006c14    program     extern C:\rutles-r2550eb\Flash Recorder - R2550EB\USB\MSD Device Driver\usb_function_msd.c
           RootDirectory0   0x002600    program     extern C:\rutles-r2550eb\Flash Recorder - R2550EB\Files.c
         Switch2IsPressed   0x001cc6    program     extern C:\rutles-r2550eb\Flash Recorder - R2550EB\flash_recorder.c
               TSIGN1616A   0x007ed6    program     static C:\MCC18\src\traditional\math\fxm1616s.asm
       USBCBCheckOtherReq   0x00792c    program     extern C:\rutles-r2550eb\Flash Recorder - R2550EB\main.c
        USBCBErrorHandler   0x00792a    program     extern C:\rutles-r2550eb\Flash Recorder - R2550EB\main.c
              USBCBInitEP   0x007932    program     extern C:\rutles-r2550eb\Flash Recorder - R2550EB\main.c
          USBCBSendResume   0x007946    program     extern C:\rutles-r2550eb\Flash Recorder - R2550EB\main.c
    USBCBStdSetDscHandler   0x007930    program     extern C:\rutles-r2550eb\Flash Recorder - R2550EB\main.c
             USBCBSuspend   0x007924    program     extern C:\rutles-r2550eb\Flash Recorder - R2550EB\main.c
     USBCBWakeFromSuspend   0x007926    program     extern C:\rutles-r2550eb\Flash Recorder - R2550EB\main.c
        USBCB_SOF_Handler   0x007928    program     extern C:\rutles-r2550eb\Flash Recorder - R2550EB\main.c
              USBCancelIO   0x006002    program     extern C:\rutles-r2550eb\Flash Recorder - R2550EB\USB\usb_device.c
       USBCheckMSDRequest   0x006192    program     extern C:\rutles-r2550eb\Flash Recorder - R2550EB\USB\MSD Device Driver\usb_function_msd.c
       USBCheckStdRequest   0x0054cc    program     extern C:\rutles-r2550eb\Flash Recorder - R2550EB\USB\usb_device.c
     USBConfigureEndpoint   0x005cf0    program     extern C:\rutles-r2550eb\Flash Recorder - R2550EB\USB\usb_device.c
         USBCtrlEPService   0x005260    program     extern C:\rutles-r2550eb\Flash Recorder - R2550EB\USB\usb_device.c
 USBCtrlEPServiceComplete   0x005822    program     extern C:\rutles-r2550eb\Flash Recorder - R2550EB\USB\usb_device.c
      USBCtrlTrfInHandler   0x0053cc    program     extern C:\rutles-r2550eb\Flash Recorder - R2550EB\USB\usb_device.c
     USBCtrlTrfOutHandler   0x005380    program     extern C:\rutles-r2550eb\Flash Recorder - R2550EB\USB\usb_device.c
      USBCtrlTrfRxService   0x005ae2    program     extern C:\rutles-r2550eb\Flash Recorder - R2550EB\USB\usb_device.c
   USBCtrlTrfSetupHandler   0x00533a    program     extern C:\rutles-r2550eb\Flash Recorder - R2550EB\USB\usb_device.c
      USBCtrlTrfTxService   0x0059cc    program     extern C:\rutles-r2550eb\Flash Recorder - R2550EB\USB\usb_device.c
          USBDeviceAttach   0x0060c0    program     extern C:\rutles-r2550eb\Flash Recorder - R2550EB\USB\usb_device.c
          USBDeviceDetach   0x0060b2    program     extern C:\rutles-r2550eb\Flash Recorder - R2550EB\USB\usb_device.c
            USBDeviceInit   0x005000    program     extern C:\rutles-r2550eb\Flash Recorder - R2550EB\USB\usb_device.c
           USBDeviceTasks   0x00509c    program     extern C:\rutles-r2550eb\Flash Recorder - R2550EB\USB\usb_device.c
        USBEnableEndpoint   0x005dc4    program     extern C:\rutles-r2550eb\Flash Recorder - R2550EB\USB\usb_device.c
               USBMSDInit   0x0060ee    program     extern C:\rutles-r2550eb\Flash Recorder - R2550EB\USB\MSD Device Driver\usb_function_msd.c
USBPrepareForNextSetupTrf   0x005466    program     extern C:\rutles-r2550eb\Flash Recorder - R2550EB\USB\usb_device.c
         USBStallEndpoint   0x005e30    program     extern C:\rutles-r2550eb\Flash Recorder - R2550EB\USB\usb_device.c
          USBStallHandler   0x0051e0    program     extern C:\rutles-r2550eb\Flash Recorder - R2550EB\USB\usb_device.c
  USBStdFeatureReqHandler   0x005594    program     extern C:\rutles-r2550eb\Flash Recorder - R2550EB\USB\usb_device.c
      USBStdGetDscHandler   0x0056ac    program     extern C:\rutles-r2550eb\Flash Recorder - R2550EB\USB\usb_device.c
   USBStdGetStatusHandler   0x005760    program     extern C:\rutles-r2550eb\Flash Recorder - R2550EB\USB\usb_device.c
      USBStdSetCfgHandler   0x005c1e    program     extern C:\rutles-r2550eb\Flash Recorder - R2550EB\USB\usb_device.c
               USBSuspend   0x005212    program     extern C:\rutles-r2550eb\Flash Recorder - R2550EB\USB\usb_device.c
     USBTransferOnePacket   0x005f10    program     extern C:\rutles-r2550eb\Flash Recorder - R2550EB\USB\usb_device.c
       USBWakeFromSuspend   0x005236    program     extern C:\rutles-r2550eb\Flash Recorder - R2550EB\USB\usb_device.c
               USB_CD_Ptr   0x007c44    program     extern C:\rutles-r2550eb\Flash Recorder - R2550EB\usb_descriptors.c
               USB_SD_Ptr   0x007c46    program     extern C:\rutles-r2550eb\Flash Recorder - R2550EB\usb_descriptors.c
USER_USB_CALLBACK_EVENT_HANDLER   0x007962    program     extern C:\rutles-r2550eb\Flash Recorder - R2550EB\main.c
  YourHighPriorityISRCode   0x0077e2    program     extern C:\rutles-r2550eb\Flash Recorder - R2550EB\main.c
   YourLowPriorityISRCode   0x007878    program     extern C:\rutles-r2550eb\Flash Recorder - R2550EB\main.c
              _1jContinue   0x007a0a    program     static C:\MCC18\src\traditional\stdclib\mcmpp2p.asm
              _2jContinue   0x007b26    program     static C:\MCC18\src\traditional\stdclib\memset.asm
                   _2jEnd   0x007a1a    program     static C:\MCC18\src\traditional\stdclib\mcmpp2p.asm
                   _2jEnd   0x007b8a    program     static C:\MCC18\src\traditional\stdclib\slenpgm.asm
              _3jContinue   0x007af2    program     static C:\MCC18\src\traditional\stdclib\mcpyp2r.asm
                   _3jEnd   0x007b30    program     static C:\MCC18\src\traditional\stdclib\memset.asm
              _4jContinue   0x007a9e    program     static C:\MCC18\src\traditional\stdclib\memcpy.asm
                   _4jEnd   0x007afc    program     static C:\MCC18\src\traditional\stdclib\mcpyp2r.asm
                   _5jEnd   0x007aa8    program     static C:\MCC18\src\traditional\stdclib\memcpy.asm
                   _5jEnd   0x007a50    program     static C:\MCC18\src\traditional\stdclib\mcmpp2p.asm
                   _6jEnd   0x007a60    program     static C:\MCC18\src\traditional\stdclib\mcmpp2p.asm
     ___case_114_lbl00039   0x0079e6    program     static                          
     ___case_115_lbl00035   0x0079d6    program     static                          
     ___case_116_lbl00037   0x0079de    program     static                          
     ___case_117_lbl00036   0x0079da    program     static                          
       ___case_1_lbl00032   0x0079ca    program     static                          
       ___case_2_lbl00033   0x0079ce    program     static                          
   ___case_32767_lbl00038   0x0079e2    program     static                          
       ___case_3_lbl00034   0x0079d2    program     static                          
      ___default_lbl00040   0x0079ea    program     static                          
          ___for_lbl00009   0x00763e    program     static                          
          ___for_lbl00010   0x00764a    program     static                          
          ___for_lbl00012   0x0075b4    program     static                          
          ___for_lbl00015   0x00775c    program     static                          
          ___for_lbl00016   0x007768    program     static                          
          ___for_lbl00017   0x007724    program     static                          
           ___if_lbl00011   0x007634    program     static                          
           ___if_lbl00018   0x007790    program     static                          
       ___return_lbl00000   0x007e88    program     static                          
       ___return_lbl00000   0x001004    program     static                          
       ___return_lbl00000   0x007f2a    program     static                          
       ___return_lbl00000   0x000004    program     static                          
       ___return_lbl00001   0x007fae    program     static                          
       ___return_lbl00001   0x00100c    program     static                          
       ___return_lbl00002   0x00101c    program     static                          
       ___return_lbl00002   0x007d94    program     static                          
       ___return_lbl00003   0x00000c    program     static                          
       ___return_lbl00004   0x00001c    program     static                          
       ___return_lbl00006   0x007796    program     static                          
       ___return_lbl00030   0x0079f0    program     static                          
   ___switchexit_lbl00031   0x0079ec    program     static                          
        ___while_lbl00007   0x007590    program     static                          
        ___while_lbl00008   0x007792    program     static                          
        ___while_lbl00013   0x00770e    program     static                          
        ___while_lbl00014   0x007790    program     static                          
               __config_0   0x300000    program     static C:\rutles-r2550eb\Flash Recorder - R2550EB\main.c
               __config_1   0x300001    program     static C:\rutles-r2550eb\Flash Recorder - R2550EB\main.c
              __config_10   0x30000c    program     static C:\rutles-r2550eb\Flash Recorder - R2550EB\main.c
              __config_11   0x30000d    program     static C:\rutles-r2550eb\Flash Recorder - R2550EB\main.c
               __config_2   0x300002    program     static C:\rutles-r2550eb\Flash Recorder - R2550EB\main.c
               __config_3   0x300003    program     static C:\rutles-r2550eb\Flash Recorder - R2550EB\main.c
               __config_4   0x300005    program     static C:\rutles-r2550eb\Flash Recorder - R2550EB\main.c
               __config_5   0x300006    program     static C:\rutles-r2550eb\Flash Recorder - R2550EB\main.c
               __config_6   0x300008    program     static C:\rutles-r2550eb\Flash Recorder - R2550EB\main.c
               __config_7   0x300009    program     static C:\rutles-r2550eb\Flash Recorder - R2550EB\main.c
               __config_8   0x30000a    program     static C:\rutles-r2550eb\Flash Recorder - R2550EB\main.c
               __config_9   0x30000b    program     static C:\rutles-r2550eb\Flash Recorder - R2550EB\main.c
                   __init   0x007ff6    program     extern C:\MCC18\src\traditional\stdclib\__init.c
                   __pa_0   0x001984    program     static C:\MCC18\src\traditional\stdclib\vfprintf.c
                   __pa_1   0x00198c    program     static C:\MCC18\src\traditional\stdclib\vfprintf.c
                  __pa_10   0x001a40    program     static C:\MCC18\src\traditional\stdclib\vfprintf.c
                  __pa_11   0x001a4e    program     static C:\MCC18\src\traditional\stdclib\vfprintf.c
                  __pa_12   0x001a64    program     static C:\MCC18\src\traditional\stdclib\vfprintf.c
                  __pa_13   0x001a7e    program     static C:\MCC18\src\traditional\stdclib\vfprintf.c
                  __pa_14   0x001a96    program     static C:\MCC18\src\traditional\stdclib\vfprintf.c
                  __pa_15   0x001aa6    program     static C:\MCC18\src\traditional\stdclib\vfprintf.c
                  __pa_16   0x001abc    program     static C:\MCC18\src\traditional\stdclib\vfprintf.c
                  __pa_17   0x001ace    program     static C:\MCC18\src\traditional\stdclib\vfprintf.c
                  __pa_18   0x001ae0    program     static C:\MCC18\src\traditional\stdclib\vfprintf.c
                  __pa_19   0x001aea    program     static C:\MCC18\src\traditional\stdclib\vfprintf.c
                   __pa_2   0x001996    program     static C:\MCC18\src\traditional\stdclib\vfprintf.c
                  __pa_20   0x001afa    program     static C:\MCC18\src\traditional\stdclib\vfprintf.c
                  __pa_21   0x001b0a    program     static C:\MCC18\src\traditional\stdclib\vfprintf.c
                  __pa_22   0x001b1a    program     static C:\MCC18\src\traditional\stdclib\vfprintf.c
                  __pa_23   0x001b26    program     static C:\MCC18\src\traditional\stdclib\vfprintf.c
                  __pa_24   0x001b34    program     static C:\MCC18\src\traditional\stdclib\vfprintf.c
                  __pa_25   0x001b3c    program     static C:\MCC18\src\traditional\stdclib\vfprintf.c
                  __pa_26   0x001b46    program     static C:\MCC18\src\traditional\stdclib\vfprintf.c
                  __pa_27   0x001b50    program     static C:\MCC18\src\traditional\stdclib\vfprintf.c
                  __pa_28   0x001b58    program     static C:\MCC18\src\traditional\stdclib\vfprintf.c
                  __pa_29   0x001b66    program     static C:\MCC18\src\traditional\stdclib\vfprintf.c
                   __pa_3   0x0019a0    program     static C:\MCC18\src\traditional\stdclib\vfprintf.c
                  __pa_30   0x001b82    program     static C:\MCC18\src\traditional\stdclib\vfprintf.c
                  __pa_31   0x001b9c    program     static C:\MCC18\src\traditional\stdclib\vfprintf.c
                  __pa_32   0x001bb6    program     static C:\MCC18\src\traditional\stdclib\vfprintf.c
                  __pa_33   0x001bce    program     static C:\MCC18\src\traditional\stdclib\vfprintf.c
                  __pa_34   0x001bd8    program     static C:\MCC18\src\traditional\stdclib\vfprintf.c
                  __pa_35   0x001be6    program     static C:\MCC18\src\traditional\stdclib\vfprintf.c
                  __pa_36   0x001bee    program     static C:\MCC18\src\traditional\stdclib\vfprintf.c
                  __pa_37   0x001bf8    program     static C:\MCC18\src\traditional\stdclib\vfprintf.c
                  __pa_38   0x001c08    program     static C:\MCC18\src\traditional\stdclib\vfprintf.c
                  __pa_39   0x001c16    program     static C:\MCC18\src\traditional\stdclib\vfprintf.c
                   __pa_4   0x0019b8    program     static C:\MCC18\src\traditional\stdclib\vfprintf.c
                  __pa_40   0x001c22    program     static C:\MCC18\src\traditional\stdclib\vfprintf.c
                  __pa_41   0x001c2e    program     static C:\MCC18\src\traditional\stdclib\vfprintf.c
                  __pa_42   0x001c36    program     static C:\MCC18\src\traditional\stdclib\vfprintf.c
                  __pa_43   0x001c40    program     static C:\MCC18\src\traditional\stdclib\vfprintf.c
                  __pa_44   0x001c46    program     static C:\MCC18\src\traditional\stdclib\vfprintf.c
                  __pa_45   0x001c50    program     static C:\MCC18\src\traditional\stdclib\vfprintf.c
                  __pa_46   0x001c5c    program     static C:\MCC18\src\traditional\stdclib\vfprintf.c
                   __pa_5   0x0019cc    program     static C:\MCC18\src\traditional\stdclib\vfprintf.c
                   __pa_6   0x0019e8    program     static C:\MCC18\src\traditional\stdclib\vfprintf.c
                   __pa_7   0x0019f2    program     static C:\MCC18\src\traditional\stdclib\vfprintf.c
                   __pa_8   0x0019fe    program     static C:\MCC18\src\traditional\stdclib\vfprintf.c
                   __pa_9   0x001a20    program     static C:\MCC18\src\traditional\stdclib\vfprintf.c
               __string_1   0x007fe9    program     static C:\rutles-r2550eb\Flash Recorder - R2550EB\flash_recorder.c
               __tmplbl_2   0x00797e    program     static                          
               __tmplbl_3   0x00798a    program     static                          
               __tmplbl_4   0x007994    program     static                          
              __tmplbl_42   0x001b1a    program     static                          
              __tmplbl_43   0x001962    program     static                          
              __tmplbl_44   0x001948    program     static                          
               __tmplbl_5   0x00799e    program     static                          
               __tmplbl_6   0x0079a8    program     static                          
               __tmplbl_7   0x0079b2    program     static                          
               __tmplbl_8   0x0079bc    program     static                          
              __tmplbl_85   0x00109a    program     static                          
               __tmplbl_9   0x0079c6    program     static                          
            __zero_memory   0x007f74    program     extern C:\MCC18\src\traditional\proc\p18F2550.asm
                _do_cinit   0x007cf8    program     extern C:\MCC18\src\traditional\startup\c018i.c
                   _entry   0x000000    program     extern C:\MCC18\src\traditional\startup\c018i.c
                   _false   0x007f26    program     static                          
                   _reset   0x001000    program     extern C:\rutles-r2550eb\Flash Recorder - R2550EB\main.c
                 _startup   0x007f94    program     extern C:\MCC18\src\traditional\startup\c018i.c
              _usart_putc   0x007fb0    program     extern C:\MCC18\src\pmc_common\USART\_usartpc.asm
               _user_putc   0x007ff4    program     extern C:\MCC18\src\traditional\stdclib\_user_putc.c
                compare_l   0x007f8a    program     static C:\MCC18\src\traditional\proc\p18F2550.asm
        configDescriptor1   0x007bb2    program     extern C:\rutles-r2550eb\Flash Recorder - R2550EB\usb_descriptors.c
                copy_loop   0x007d6a    program     static                          
            copy_one_byte   0x007d70    program     static                          
               device_dsc   0x007ba0    program     extern C:\rutles-r2550eb\Flash Recorder - R2550EB\usb_descriptors.c
                 dir_load   0x006c5e    program     extern C:\rutles-r2550eb\Flash Recorder - R2550EB\tinyFAT.c
                 dir_save   0x006d64    program     extern C:\rutles-r2550eb\Flash Recorder - R2550EB\tinyFAT.c
         dir_search_empty   0x006e08    program     extern C:\rutles-r2550eb\Flash Recorder - R2550EB\tinyFAT.c
                     done   0x007d94    program     static                          
             done_copying   0x007d7e    program     static                          
                  ee_read   0x001ca6    program     extern C:\rutles-r2550eb\Flash Recorder - R2550EB\flash_recorder.c
                 ee_write   0x001c66    program     extern C:\rutles-r2550eb\Flash Recorder - R2550EB\flash_recorder.c
                 fat_read   0x006eb2    program     extern C:\rutles-r2550eb\Flash Recorder - R2550EB\tinyFAT.c
         fat_search_empty   0x0071dc    program     extern C:\rutles-r2550eb\Flash Recorder - R2550EB\tinyFAT.c
                fat_write   0x007012    program     extern C:\rutles-r2550eb\Flash Recorder - R2550EB\tinyFAT.c
               file_close   0x007412    program     extern C:\rutles-r2550eb\Flash Recorder - R2550EB\tinyFAT.c
                file_open   0x007250    program     extern C:\rutles-r2550eb\Flash Recorder - R2550EB\tinyFAT.c
              file_remove   0x007418    program     extern C:\rutles-r2550eb\Flash Recorder - R2550EB\tinyFAT.c
               file_write   0x0073b0    program     extern C:\rutles-r2550eb\Flash Recorder - R2550EB\tinyFAT.c
           flash_recorder   0x001d4a    program     extern C:\rutles-r2550eb\Flash Recorder - R2550EB\flash_recorder.c
             init_tinyFAT   0x006c58    program     extern C:\rutles-r2550eb\Flash Recorder - R2550EB\tinyFAT.c
                init_wink   0x001d2e    program     extern C:\rutles-r2550eb\Flash Recorder - R2550EB\flash_recorder.c
                 inq_resp   0x007f50    program     extern C:\rutles-r2550eb\Flash Recorder - R2550EB\main.c
                  isdigit   0x007f2c    program     extern C:\MCC18\src\traditional\stdclib\isdigit.asm
                     jEnd   0x007b54    program     static C:\MCC18\src\traditional\stdclib\strlen.asm
                     jEnd   0x007b8c    program     static C:\MCC18\src\traditional\stdclib\slenpgm.asm
                     jEnd   0x007a68    program     static C:\MCC18\src\traditional\stdclib\mcmpp2p.asm
                     jEnd   0x007b04    program     static C:\MCC18\src\traditional\stdclib\mcpyp2r.asm
                     jEnd   0x007b38    program     static C:\MCC18\src\traditional\stdclib\memset.asm
                     jEnd   0x007aae    program     static C:\MCC18\src\traditional\stdclib\memcpy.asm
                    jLoop   0x007a92    program     static C:\MCC18\src\traditional\stdclib\memcpy.asm
                    jLoop   0x007b1a    program     static C:\MCC18\src\traditional\stdclib\memset.asm
                    jLoop   0x0079f8    program     static C:\MCC18\src\traditional\stdclib\mcmpp2p.asm
                    jLoop   0x007ae6    program     static C:\MCC18\src\traditional\stdclib\mcpyp2r.asm
                    jLoop   0x007b4a    program     static C:\MCC18\src\traditional\stdclib\strlen.asm
                    jLoop   0x007b74    program     static C:\MCC18\src\traditional\stdclib\slenpgm.asm
                   jMatch   0x007f4c    program     static C:\MCC18\src\traditional\stdclib\isdigit.asm
                 jNoMatch   0x007f4e    program     static C:\MCC18\src\traditional\stdclib\isdigit.asm
                     loop   0x007fa4    program     static                          
                     loop   0x007ef2    program     static                          
                     loop   0x007fc0    program     static C:\MCC18\src\pmc_common\USART\_usartpc.asm
                   loop_h   0x007f82    program     static C:\MCC18\src\traditional\proc\p18F2550.asm
                   loop_l   0x007f8c    program     static C:\MCC18\src\traditional\proc\p18F2550.asm
                     main   0x0078e8    program     extern C:\rutles-r2550eb\Flash Recorder - R2550EB\main.c
                memcmppgm   0x0079f8    program     extern C:\MCC18\src\traditional\stdclib\mcmpp2p.asm
                   memcpy   0x007a6a    program     extern C:\MCC18\src\traditional\stdclib\memcpy.asm
            memcpypgm2ram   0x007ac0    program     extern C:\MCC18\src\traditional\stdclib\mcpyp2r.asm
                   memset   0x007b06    program     extern C:\MCC18\src\traditional\stdclib\memset.asm
                     putc   0x007d96    program     extern C:\MCC18\src\traditional\stdclib\putc.c
                rec_fname   0x007fdd    program     extern C:\rutles-r2550eb\Flash Recorder - R2550EB\flash_recorder.c
                 s_digits   0x007fcc    program     static C:\MCC18\src\traditional\stdclib\vfprintf.c
            s_put_n_chars   0x001044    program     static C:\MCC18\src\traditional\stdclib\vfprintf.c
                    sd000   0x007bd2    program     extern C:\rutles-r2550eb\Flash Recorder - R2550EB\usb_descriptors.c
                    sd001   0x007bd6    program     extern C:\rutles-r2550eb\Flash Recorder - R2550EB\usb_descriptors.c
                    sd002   0x007c0a    program     extern C:\rutles-r2550eb\Flash Recorder - R2550EB\usb_descriptors.c
                   slack0   0x002800    program     extern C:\rutles-r2550eb\Flash Recorder - R2550EB\Files.c
                   slack1   0x002a00    program     extern C:\rutles-r2550eb\Flash Recorder - R2550EB\Files.c
                  slack10   0x003c00    program     extern C:\rutles-r2550eb\Flash Recorder - R2550EB\Files.c
                  slack11   0x003e00    program     extern C:\rutles-r2550eb\Flash Recorder - R2550EB\Files.c
                  slack12   0x004000    program     extern C:\rutles-r2550eb\Flash Recorder - R2550EB\Files.c
                  slack13   0x004200    program     extern C:\rutles-r2550eb\Flash Recorder - R2550EB\Files.c
                  slack14   0x004400    program     extern C:\rutles-r2550eb\Flash Recorder - R2550EB\Files.c
                  slack15   0x004600    program     extern C:\rutles-r2550eb\Flash Recorder - R2550EB\Files.c
                  slack16   0x004800    program     extern C:\rutles-r2550eb\Flash Recorder - R2550EB\Files.c
                  slack17   0x004a00    program     extern C:\rutles-r2550eb\Flash Recorder - R2550EB\Files.c
                  slack18   0x004c00    program     extern C:\rutles-r2550eb\Flash Recorder - R2550EB\Files.c
                  slack19   0x004e00    program     extern C:\rutles-r2550eb\Flash Recorder - R2550EB\Files.c
                   slack2   0x002c00    program     extern C:\rutles-r2550eb\Flash Recorder - R2550EB\Files.c
                   slack3   0x002e00    program     extern C:\rutles-r2550eb\Flash Recorder - R2550EB\Files.c
                   slack4   0x003000    program     extern C:\rutles-r2550eb\Flash Recorder - R2550EB\Files.c
                   slack5   0x003200    program     extern C:\rutles-r2550eb\Flash Recorder - R2550EB\Files.c
                   slack6   0x003400    program     extern C:\rutles-r2550eb\Flash Recorder - R2550EB\Files.c
                   slack7   0x003600    program     extern C:\rutles-r2550eb\Flash Recorder - R2550EB\Files.c
                   slack8   0x003800    program     extern C:\rutles-r2550eb\Flash Recorder - R2550EB\Files.c
                   slack9   0x003a00    program     extern C:\rutles-r2550eb\Flash Recorder - R2550EB\Files.c
                  sprintf   0x007c4c    program     extern C:\MCC18\src\traditional\stdclib\sprintf.c
                   strlen   0x007b3a    program     extern C:\MCC18\src\traditional\stdclib\strlen.asm
                strlenpgm   0x007b56    program     extern C:\MCC18\src\traditional\stdclib\slenpgm.asm
                     test   0x007d12    program     static                          
                 vfprintf   0x001070    program     extern C:\MCC18\src\traditional\stdclib\vfprintf.c
               zero_block   0x007f82    program     static C:\MCC18\src\traditional\proc\p18F2550.asm
                   ADCON0   0x000fc2       data     extern C:\MCC18\src\traditional\proc\p18F2550.asm
               ADCON0bits   0x000fc2       data     extern C:\MCC18\src\traditional\proc\p18F2550.asm
                   ADCON1   0x000fc1       data     extern C:\MCC18\src\traditional\proc\p18F2550.asm
               ADCON1bits   0x000fc1       data     extern C:\MCC18\src\traditional\proc\p18F2550.asm
                   ADCON2   0x000fc0       data     extern C:\MCC18\src\traditional\proc\p18F2550.asm
               ADCON2bits   0x000fc0       data     extern C:\MCC18\src\traditional\proc\p18F2550.asm
                    ADRES   0x000fc3       data     extern C:\MCC18\src\traditional\proc\p18F2550.asm
                   ADRESH   0x000fc4       data     extern C:\MCC18\src\traditional\proc\p18F2550.asm
                   ADRESL   0x000fc3       data     extern C:\MCC18\src\traditional\proc\p18F2550.asm
                  BAUDCON   0x000fb8       data     extern C:\MCC18\src\traditional\proc\p18F2550.asm
              BAUDCONbits   0x000fb8       data     extern C:\MCC18\src\traditional\proc\p18F2550.asm
                      BDT   0x000400       data     extern C:\rutles-r2550eb\Flash Recorder - R2550EB\USB\usb_device.c
                      BSR   0x000fe0       data     extern C:\MCC18\src\traditional\proc\p18F2550.asm
       BothEP0OutUOWNsSet   0x000121       data     extern C:\rutles-r2550eb\Flash Recorder - R2550EB\USB\usb_device.c
                   CCP1AS   0x000fb6       data     extern C:\MCC18\src\traditional\proc\p18F2550.asm
               CCP1ASbits   0x000fb6       data     extern C:\MCC18\src\traditional\proc\p18F2550.asm
                  CCP1CON   0x000fbd       data     extern C:\MCC18\src\traditional\proc\p18F2550.asm
              CCP1CONbits   0x000fbd       data     extern C:\MCC18\src\traditional\proc\p18F2550.asm
                  CCP1DEL   0x000fb7       data     extern C:\MCC18\src\traditional\proc\p18F2550.asm
              CCP1DELbits   0x000fb7       data     extern C:\MCC18\src\traditional\proc\p18F2550.asm
                  CCP2CON   0x000fba       data     extern C:\MCC18\src\traditional\proc\p18F2550.asm
              CCP2CONbits   0x000fba       data     extern C:\MCC18\src\traditional\proc\p18F2550.asm
                    CCPR1   0x000fbe       data     extern C:\MCC18\src\traditional\proc\p18F2550.asm
                   CCPR1H   0x000fbf       data     extern C:\MCC18\src\traditional\proc\p18F2550.asm
                   CCPR1L   0x000fbe       data     extern C:\MCC18\src\traditional\proc\p18F2550.asm
                    CCPR2   0x000fbb       data     extern C:\MCC18\src\traditional\proc\p18F2550.asm
                   CCPR2H   0x000fbc       data     extern C:\MCC18\src\traditional\proc\p18F2550.asm
                   CCPR2L   0x000fbb       data     extern C:\MCC18\src\traditional\proc\p18F2550.asm
                    CMCON   0x000fb4       data     extern C:\MCC18\src\traditional\proc\p18F2550.asm
                CMCONbits   0x000fb4       data     extern C:\MCC18\src\traditional\proc\p18F2550.asm
                   CVRCON   0x000fb5       data     extern C:\MCC18\src\traditional\proc\p18F2550.asm
               CVRCONbits   0x000fb5       data     extern C:\MCC18\src\traditional\proc\p18F2550.asm
              CtrlTrfData   0x000428       data     extern C:\rutles-r2550eb\Flash Recorder - R2550EB\USB\usb_device.c
                     DDRA   0x000f92       data     extern C:\MCC18\src\traditional\proc\p18F2550.asm
                 DDRAbits   0x000f92       data     extern C:\MCC18\src\traditional\proc\p18F2550.asm
                     DDRB   0x000f93       data     extern C:\MCC18\src\traditional\proc\p18F2550.asm
                 DDRBbits   0x000f93       data     extern C:\MCC18\src\traditional\proc\p18F2550.asm
                     DDRC   0x000f94       data     extern C:\MCC18\src\traditional\proc\p18F2550.asm
                 DDRCbits   0x000f94       data     extern C:\MCC18\src\traditional\proc\p18F2550.asm
                  ECCP1AS   0x000fb6       data     extern C:\MCC18\src\traditional\proc\p18F2550.asm
              ECCP1ASbits   0x000fb6       data     extern C:\MCC18\src\traditional\proc\p18F2550.asm
                 ECCP1DEL   0x000fb7       data     extern C:\MCC18\src\traditional\proc\p18F2550.asm
             ECCP1DELbits   0x000fb7       data     extern C:\MCC18\src\traditional\proc\p18F2550.asm
                    EEADR   0x000fa9       data     extern C:\MCC18\src\traditional\proc\p18F2550.asm
                   EECON1   0x000fa6       data     extern C:\MCC18\src\traditional\proc\p18F2550.asm
               EECON1bits   0x000fa6       data     extern C:\MCC18\src\traditional\proc\p18F2550.asm
                   EECON2   0x000fa7       data     extern C:\MCC18\src\traditional\proc\p18F2550.asm
                   EEDATA   0x000fa8       data     extern C:\MCC18\src\traditional\proc\p18F2550.asm
                     FSR0   0x000fe9       data     extern C:\MCC18\src\traditional\proc\p18F2550.asm
                    FSR0H   0x000fea       data     extern C:\MCC18\src\traditional\proc\p18F2550.asm
                    FSR0L   0x000fe9       data     extern C:\MCC18\src\traditional\proc\p18F2550.asm
                     FSR1   0x000fe1       data     extern C:\MCC18\src\traditional\proc\p18F2550.asm
                    FSR1H   0x000fe2       data     extern C:\MCC18\src\traditional\proc\p18F2550.asm
                    FSR1L   0x000fe1       data     extern C:\MCC18\src\traditional\proc\p18F2550.asm
                     FSR2   0x000fd9       data     extern C:\MCC18\src\traditional\proc\p18F2550.asm
                    FSR2H   0x000fda       data     extern C:\MCC18\src\traditional\proc\p18F2550.asm
                    FSR2L   0x000fd9       data     extern C:\MCC18\src\traditional\proc\p18F2550.asm
              FileAddress   0x00014f       data     extern C:\rutles-r2550eb\Flash Recorder - R2550EB\MDD File System\Internal Flash.c
                  HLVDCON   0x000fd2       data     extern C:\MCC18\src\traditional\proc\p18F2550.asm
              HLVDCONbits   0x000fd2       data     extern C:\MCC18\src\traditional\proc\p18F2550.asm
                    INDF0   0x000fef       data     extern C:\MCC18\src\traditional\proc\p18F2550.asm
                    INDF1   0x000fe7       data     extern C:\MCC18\src\traditional\proc\p18F2550.asm
                    INDF2   0x000fdf       data     extern C:\MCC18\src\traditional\proc\p18F2550.asm
                   INTCON   0x000ff2       data     extern C:\MCC18\src\traditional\proc\p18F2550.asm
                  INTCON2   0x000ff1       data     extern C:\MCC18\src\traditional\proc\p18F2550.asm
              INTCON2bits   0x000ff1       data     extern C:\MCC18\src\traditional\proc\p18F2550.asm
                  INTCON3   0x000ff0       data     extern C:\MCC18\src\traditional\proc\p18F2550.asm
              INTCON3bits   0x000ff0       data     extern C:\MCC18\src\traditional\proc\p18F2550.asm
               INTCONbits   0x000ff2       data     extern C:\MCC18\src\traditional\proc\p18F2550.asm
                     IPR1   0x000f9f       data     extern C:\MCC18\src\traditional\proc\p18F2550.asm
                 IPR1bits   0x000f9f       data     extern C:\MCC18\src\traditional\proc\p18F2550.asm
                     IPR2   0x000fa2       data     extern C:\MCC18\src\traditional\proc\p18F2550.asm
                 IPR2bits   0x000fa2       data     extern C:\MCC18\src\traditional\proc\p18F2550.asm
                     LATA   0x000f89       data     extern C:\MCC18\src\traditional\proc\p18F2550.asm
                 LATAbits   0x000f89       data     extern C:\MCC18\src\traditional\proc\p18F2550.asm
                     LATB   0x000f8a       data     extern C:\MCC18\src\traditional\proc\p18F2550.asm
                 LATBbits   0x000f8a       data     extern C:\MCC18\src\traditional\proc\p18F2550.asm
                     LATC   0x000f8b       data     extern C:\MCC18\src\traditional\proc\p18F2550.asm
                 LATCbits   0x000f8b       data     extern C:\MCC18\src\traditional\proc\p18F2550.asm
                      LBA   0x0000a0       data     static C:\rutles-r2550eb\Flash Recorder - R2550EB\USB\MSD Device Driver\usb_function_msd.c
                   LVDCON   0x000fd2       data     extern C:\MCC18\src\traditional\proc\p18F2550.asm
               LVDCONbits   0x000fd2       data     extern C:\MCC18\src\traditional\proc\p18F2550.asm
           MSBBufferIndex   0x000099       data     extern C:\rutles-r2550eb\Flash Recorder - R2550EB\USB\MSD Device Driver\usb_function_msd.c
          MSDCommandState   0x0000fd       data     static C:\rutles-r2550eb\Flash Recorder - R2550EB\USB\MSD Device Driver\usb_function_msd.c
             MSDReadState   0x0000fe       data     static C:\rutles-r2550eb\Flash Recorder - R2550EB\USB\MSD Device Driver\usb_function_msd.c
            MSDWriteState   0x0000ff       data     static C:\rutles-r2550eb\Flash Recorder - R2550EB\USB\MSD Device Driver\usb_function_msd.c
                MSD_State   0x000060       data     extern C:\rutles-r2550eb\Flash Recorder - R2550EB\USB\MSD Device Driver\usb_function_msd.c
                   OSCCON   0x000fd3       data     extern C:\MCC18\src\traditional\proc\p18F2550.asm
               OSCCONbits   0x000fd3       data     extern C:\MCC18\src\traditional\proc\p18F2550.asm
                  OSCTUNE   0x000f9b       data     extern C:\MCC18\src\traditional\proc\p18F2550.asm
              OSCTUNEbits   0x000f9b       data     extern C:\MCC18\src\traditional\proc\p18F2550.asm
                       PC   0x000ff9       data     extern C:\MCC18\src\traditional\proc\p18F2550.asm
                      PCL   0x000ff9       data     extern C:\MCC18\src\traditional\proc\p18F2550.asm
                   PCLATH   0x000ffa       data     extern C:\MCC18\src\traditional\proc\p18F2550.asm
                   PCLATU   0x000ffb       data     extern C:\MCC18\src\traditional\proc\p18F2550.asm
                     PIE1   0x000f9d       data     extern C:\MCC18\src\traditional\proc\p18F2550.asm
                 PIE1bits   0x000f9d       data     extern C:\MCC18\src\traditional\proc\p18F2550.asm
                     PIE2   0x000fa0       data     extern C:\MCC18\src\traditional\proc\p18F2550.asm
                 PIE2bits   0x000fa0       data     extern C:\MCC18\src\traditional\proc\p18F2550.asm
                     PIR1   0x000f9e       data     extern C:\MCC18\src\traditional\proc\p18F2550.asm
                 PIR1bits   0x000f9e       data     extern C:\MCC18\src\traditional\proc\p18F2550.asm
                     PIR2   0x000fa1       data     extern C:\MCC18\src\traditional\proc\p18F2550.asm
                 PIR2bits   0x000fa1       data     extern C:\MCC18\src\traditional\proc\p18F2550.asm
                   PLUSW0   0x000feb       data     extern C:\MCC18\src\traditional\proc\p18F2550.asm
                   PLUSW1   0x000fe3       data     extern C:\MCC18\src\traditional\proc\p18F2550.asm
                   PLUSW2   0x000fdb       data     extern C:\MCC18\src\traditional\proc\p18F2550.asm
                    PORTA   0x000f80       data     extern C:\MCC18\src\traditional\proc\p18F2550.asm
                PORTAbits   0x000f80       data     extern C:\MCC18\src\traditional\proc\p18F2550.asm
                    PORTB   0x000f81       data     extern C:\MCC18\src\traditional\proc\p18F2550.asm
                PORTBbits   0x000f81       data     extern C:\MCC18\src\traditional\proc\p18F2550.asm
                    PORTC   0x000f82       data     extern C:\MCC18\src\traditional\proc\p18F2550.asm
                PORTCbits   0x000f82       data     extern C:\MCC18\src\traditional\proc\p18F2550.asm
                    PORTE   0x000f84       data     extern C:\MCC18\src\traditional\proc\p18F2550.asm
                PORTEbits   0x000f84       data     extern C:\MCC18\src\traditional\proc\p18F2550.asm
                 POSTDEC0   0x000fed       data     extern C:\MCC18\src\traditional\proc\p18F2550.asm
                 POSTDEC1   0x000fe5       data     extern C:\MCC18\src\traditional\proc\p18F2550.asm
                 POSTDEC2   0x000fdd       data     extern C:\MCC18\src\traditional\proc\p18F2550.asm
                 POSTINC0   0x000fee       data     extern C:\MCC18\src\traditional\proc\p18F2550.asm
                 POSTINC1   0x000fe6       data     extern C:\MCC18\src\traditional\proc\p18F2550.asm
                 POSTINC2   0x000fde       data     extern C:\MCC18\src\traditional\proc\p18F2550.asm
                      PR2   0x000fcb       data     extern C:\MCC18\src\traditional\proc\p18F2550.asm
                  PREINC0   0x000fec       data     extern C:\MCC18\src\traditional\proc\p18F2550.asm
                  PREINC1   0x000fe4       data     extern C:\MCC18\src\traditional\proc\p18F2550.asm
                  PREINC2   0x000fdc       data     extern C:\MCC18\src\traditional\proc\p18F2550.asm
                     PROD   0x000ff3       data     extern C:\MCC18\src\traditional\proc\p18F2550.asm
                    PRODH   0x000ff4       data     extern C:\MCC18\src\traditional\proc\p18F2550.asm
                    PRODL   0x000ff3       data     extern C:\MCC18\src\traditional\proc\p18F2550.asm
                     RCON   0x000fd0       data     extern C:\MCC18\src\traditional\proc\p18F2550.asm
                 RCONbits   0x000fd0       data     extern C:\MCC18\src\traditional\proc\p18F2550.asm
                    RCREG   0x000fae       data     extern C:\MCC18\src\traditional\proc\p18F2550.asm
                    RCSTA   0x000fab       data     extern C:\MCC18\src\traditional\proc\p18F2550.asm
                RCSTAbits   0x000fab       data     extern C:\MCC18\src\traditional\proc\p18F2550.asm
             RemoteWakeup   0x00011f       data     extern C:\rutles-r2550eb\Flash Recorder - R2550EB\USB\usb_device.c
                     SIGN   0x00000e       data     extern C:\MCC18\src\traditional\math\cmath18.asm
                    SPBRG   0x000faf       data     extern C:\MCC18\src\traditional\proc\p18F2550.asm
                   SPBRGH   0x000fb0       data     extern C:\MCC18\src\traditional\proc\p18F2550.asm
                   SSPADD   0x000fc8       data     extern C:\MCC18\src\traditional\proc\p18F2550.asm
                   SSPBUF   0x000fc9       data     extern C:\MCC18\src\traditional\proc\p18F2550.asm
                  SSPCON1   0x000fc6       data     extern C:\MCC18\src\traditional\proc\p18F2550.asm
              SSPCON1bits   0x000fc6       data     extern C:\MCC18\src\traditional\proc\p18F2550.asm
                  SSPCON2   0x000fc5       data     extern C:\MCC18\src\traditional\proc\p18F2550.asm
              SSPCON2bits   0x000fc5       data     extern C:\MCC18\src\traditional\proc\p18F2550.asm
                  SSPSTAT   0x000fc7       data     extern C:\MCC18\src\traditional\proc\p18F2550.asm
              SSPSTATbits   0x000fc7       data     extern C:\MCC18\src\traditional\proc\p18F2550.asm
                   STATUS   0x000fd8       data     extern C:\MCC18\src\traditional\proc\p18F2550.asm
               STATUSbits   0x000fd8       data     extern C:\MCC18\src\traditional\proc\p18F2550.asm
                   STKPTR   0x000ffc       data     extern C:\MCC18\src\traditional\proc\p18F2550.asm
               STKPTRbits   0x000ffc       data     extern C:\MCC18\src\traditional\proc\p18F2550.asm
                 SetupPkt   0x000420       data     extern C:\rutles-r2550eb\Flash Recorder - R2550EB\USB\usb_device.c
               SoftDetach   0x00009d       data     extern C:\rutles-r2550eb\Flash Recorder - R2550EB\USB\MSD Device Driver\usb_function_msd.c
                    T0CON   0x000fd5       data     extern C:\MCC18\src\traditional\proc\p18F2550.asm
                T0CONbits   0x000fd5       data     extern C:\MCC18\src\traditional\proc\p18F2550.asm
                    T1CON   0x000fcd       data     extern C:\MCC18\src\traditional\proc\p18F2550.asm
                T1CONbits   0x000fcd       data     extern C:\MCC18\src\traditional\proc\p18F2550.asm
                    T2CON   0x000fca       data     extern C:\MCC18\src\traditional\proc\p18F2550.asm
                T2CONbits   0x000fca       data     extern C:\MCC18\src\traditional\proc\p18F2550.asm
                    T3CON   0x000fb1       data     extern C:\MCC18\src\traditional\proc\p18F2550.asm
                T3CONbits   0x000fb1       data     extern C:\MCC18\src\traditional\proc\p18F2550.asm
                   TABLAT   0x000ff5       data     extern C:\MCC18\src\traditional\proc\p18F2550.asm
                   TBLPTR   0x000ff6       data     extern C:\MCC18\src\traditional\proc\p18F2550.asm
                  TBLPTRH   0x000ff7       data     extern C:\MCC18\src\traditional\proc\p18F2550.asm
                  TBLPTRL   0x000ff6       data     extern C:\MCC18\src\traditional\proc\p18F2550.asm
                  TBLPTRU   0x000ff8       data     extern C:\MCC18\src\traditional\proc\p18F2550.asm
                    TMR0H   0x000fd7       data     extern C:\MCC18\src\traditional\proc\p18F2550.asm
                    TMR0L   0x000fd6       data     extern C:\MCC18\src\traditional\proc\p18F2550.asm
                    TMR1H   0x000fcf       data     extern C:\MCC18\src\traditional\proc\p18F2550.asm
                    TMR1L   0x000fce       data     extern C:\MCC18\src\traditional\proc\p18F2550.asm
                     TMR2   0x000fcc       data     extern C:\MCC18\src\traditional\proc\p18F2550.asm
                    TMR3H   0x000fb3       data     extern C:\MCC18\src\traditional\proc\p18F2550.asm
                    TMR3L   0x000fb2       data     extern C:\MCC18\src\traditional\proc\p18F2550.asm
                      TOS   0x000ffd       data     extern C:\MCC18\src\traditional\proc\p18F2550.asm
                     TOSH   0x000ffe       data     extern C:\MCC18\src\traditional\proc\p18F2550.asm
                     TOSL   0x000ffd       data     extern C:\MCC18\src\traditional\proc\p18F2550.asm
                     TOSU   0x000fff       data     extern C:\MCC18\src\traditional\proc\p18F2550.asm
                    TRISA   0x000f92       data     extern C:\MCC18\src\traditional\proc\p18F2550.asm
                TRISAbits   0x000f92       data     extern C:\MCC18\src\traditional\proc\p18F2550.asm
                    TRISB   0x000f93       data     extern C:\MCC18\src\traditional\proc\p18F2550.asm
                TRISBbits   0x000f93       data     extern C:\MCC18\src\traditional\proc\p18F2550.asm
                    TRISC   0x000f94       data     extern C:\MCC18\src\traditional\proc\p18F2550.asm
                TRISCbits   0x000f94       data     extern C:\MCC18\src\traditional\proc\p18F2550.asm
                    TXREG   0x000fad       data     extern C:\MCC18\src\traditional\proc\p18F2550.asm
                    TXSTA   0x000fac       data     extern C:\MCC18\src\traditional\proc\p18F2550.asm
                TXSTAbits   0x000fac       data     extern C:\MCC18\src\traditional\proc\p18F2550.asm
           TransferLength   0x00009e       data     static C:\rutles-r2550eb\Flash Recorder - R2550EB\USB\MSD Device Driver\usb_function_msd.c
                    UADDR   0x000f6e       data     extern C:\MCC18\src\traditional\proc\p18F2550.asm
                UADDRbits   0x000f6e       data     extern C:\MCC18\src\traditional\proc\p18F2550.asm
                     UCFG   0x000f6f       data     extern C:\MCC18\src\traditional\proc\p18F2550.asm
                 UCFGbits   0x000f6f       data     extern C:\MCC18\src\traditional\proc\p18F2550.asm
                     UCON   0x000f6d       data     extern C:\MCC18\src\traditional\proc\p18F2550.asm
                 UCONbits   0x000f6d       data     extern C:\MCC18\src\traditional\proc\p18F2550.asm
                     UEIE   0x000f6b       data     extern C:\MCC18\src\traditional\proc\p18F2550.asm
                 UEIEbits   0x000f6b       data     extern C:\MCC18\src\traditional\proc\p18F2550.asm
                     UEIR   0x000f6a       data     extern C:\MCC18\src\traditional\proc\p18F2550.asm
                 UEIRbits   0x000f6a       data     extern C:\MCC18\src\traditional\proc\p18F2550.asm
                     UEP0   0x000f70       data     extern C:\MCC18\src\traditional\proc\p18F2550.asm
                 UEP0bits   0x000f70       data     extern C:\MCC18\src\traditional\proc\p18F2550.asm
                     UEP1   0x000f71       data     extern C:\MCC18\src\traditional\proc\p18F2550.asm
                    UEP10   0x000f7a       data     extern C:\MCC18\src\traditional\proc\p18F2550.asm
                UEP10bits   0x000f7a       data     extern C:\MCC18\src\traditional\proc\p18F2550.asm
                    UEP11   0x000f7b       data     extern C:\MCC18\src\traditional\proc\p18F2550.asm
                UEP11bits   0x000f7b       data     extern C:\MCC18\src\traditional\proc\p18F2550.asm
                    UEP12   0x000f7c       data     extern C:\MCC18\src\traditional\proc\p18F2550.asm
                UEP12bits   0x000f7c       data     extern C:\MCC18\src\traditional\proc\p18F2550.asm
                    UEP13   0x000f7d       data     extern C:\MCC18\src\traditional\proc\p18F2550.asm
                UEP13bits   0x000f7d       data     extern C:\MCC18\src\traditional\proc\p18F2550.asm
                    UEP14   0x000f7e       data     extern C:\MCC18\src\traditional\proc\p18F2550.asm
                UEP14bits   0x000f7e       data     extern C:\MCC18\src\traditional\proc\p18F2550.asm
                    UEP15   0x000f7f       data     extern C:\MCC18\src\traditional\proc\p18F2550.asm
                UEP15bits   0x000f7f       data     extern C:\MCC18\src\traditional\proc\p18F2550.asm
                 UEP1bits   0x000f71       data     extern C:\MCC18\src\traditional\proc\p18F2550.asm
                     UEP2   0x000f72       data     extern C:\MCC18\src\traditional\proc\p18F2550.asm
                 UEP2bits   0x000f72       data     extern C:\MCC18\src\traditional\proc\p18F2550.asm
                     UEP3   0x000f73       data     extern C:\MCC18\src\traditional\proc\p18F2550.asm
                 UEP3bits   0x000f73       data     extern C:\MCC18\src\traditional\proc\p18F2550.asm
                     UEP4   0x000f74       data     extern C:\MCC18\src\traditional\proc\p18F2550.asm
                 UEP4bits   0x000f74       data     extern C:\MCC18\src\traditional\proc\p18F2550.asm
                     UEP5   0x000f75       data     extern C:\MCC18\src\traditional\proc\p18F2550.asm
                 UEP5bits   0x000f75       data     extern C:\MCC18\src\traditional\proc\p18F2550.asm
                     UEP6   0x000f76       data     extern C:\MCC18\src\traditional\proc\p18F2550.asm
                 UEP6bits   0x000f76       data     extern C:\MCC18\src\traditional\proc\p18F2550.asm
                     UEP7   0x000f77       data     extern C:\MCC18\src\traditional\proc\p18F2550.asm
                 UEP7bits   0x000f77       data     extern C:\MCC18\src\traditional\proc\p18F2550.asm
                     UEP8   0x000f78       data     extern C:\MCC18\src\traditional\proc\p18F2550.asm
                 UEP8bits   0x000f78       data     extern C:\MCC18\src\traditional\proc\p18F2550.asm
                     UEP9   0x000f79       data     extern C:\MCC18\src\traditional\proc\p18F2550.asm
                 UEP9bits   0x000f79       data     extern C:\MCC18\src\traditional\proc\p18F2550.asm
                     UFRM   0x000f66       data     extern C:\MCC18\src\traditional\proc\p18F2550.asm
                    UFRMH   0x000f67       data     extern C:\MCC18\src\traditional\proc\p18F2550.asm
                UFRMHbits   0x000f67       data     extern C:\MCC18\src\traditional\proc\p18F2550.asm
                    UFRML   0x000f66       data     extern C:\MCC18\src\traditional\proc\p18F2550.asm
                UFRMLbits   0x000f66       data     extern C:\MCC18\src\traditional\proc\p18F2550.asm
                      UIE   0x000f69       data     extern C:\MCC18\src\traditional\proc\p18F2550.asm
                  UIEbits   0x000f69       data     extern C:\MCC18\src\traditional\proc\p18F2550.asm
                      UIR   0x000f68       data     extern C:\MCC18\src\traditional\proc\p18F2550.asm
                  UIRbits   0x000f68       data     extern C:\MCC18\src\traditional\proc\p18F2550.asm
   USBActiveConfiguration   0x000101       data     extern C:\rutles-r2550eb\Flash Recorder - R2550EB\USB\usb_device.c
    USBAlternateInterface   0x000102       data     extern C:\rutles-r2550eb\Flash Recorder - R2550EB\USB\usb_device.c
           USBDeviceState   0x000100       data     extern C:\rutles-r2550eb\Flash Recorder - R2550EB\USB\usb_device.c
                USBInData   0x000124       data     extern C:\rutles-r2550eb\Flash Recorder - R2550EB\USB\usb_device.c
       USBInMaxPacketSize   0x000122       data     extern C:\rutles-r2550eb\Flash Recorder - R2550EB\USB\usb_device.c
           USBMSDInHandle   0x000097       data     extern C:\rutles-r2550eb\Flash Recorder - R2550EB\USB\MSD Device Driver\usb_function_msd.c
          USBMSDOutHandle   0x000095       data     extern C:\rutles-r2550eb\Flash Recorder - R2550EB\USB\MSD Device Driver\usb_function_msd.c
                    USTAT   0x000f6c       data     extern C:\MCC18\src\traditional\proc\p18F2550.asm
                USTATbits   0x000f6c       data     extern C:\MCC18\src\traditional\proc\p18F2550.asm
                USTATcopy   0x000120       data     extern C:\rutles-r2550eb\Flash Recorder - R2550EB\USB\usb_device.c
                   WDTCON   0x000fd1       data     extern C:\MCC18\src\traditional\proc\p18F2550.asm
               WDTCONbits   0x000fd1       data     extern C:\MCC18\src\traditional\proc\p18F2550.asm
                     WREG   0x000fe8       data     extern C:\MCC18\src\traditional\proc\p18F2550.asm
                 __AARGB0   0x000007       data     extern C:\MCC18\src\traditional\math\aarg.asm
                 __AARGB1   0x000006       data     extern C:\MCC18\src\traditional\math\aarg.asm
                 __AARGB2   0x000005       data     extern C:\MCC18\src\traditional\math\aarg.asm
                 __AARGB3   0x000004       data     extern C:\MCC18\src\traditional\math\aarg.asm
                 __AARGB4   0x000003       data     extern C:\MCC18\src\traditional\math\aarg.asm
                 __AARGB5   0x000002       data     extern C:\MCC18\src\traditional\math\aarg.asm
                 __AARGB6   0x000001       data     extern C:\MCC18\src\traditional\math\aarg.asm
                 __AARGB7   0x000000       data     extern C:\MCC18\src\traditional\math\aarg.asm
                   __AEXP   0x000008       data     extern C:\MCC18\src\traditional\math\aarg.asm
                 __BARGB0   0x00000c       data     extern C:\MCC18\src\traditional\math\barg.asm
                 __BARGB1   0x00000b       data     extern C:\MCC18\src\traditional\math\barg.asm
                 __BARGB2   0x00000a       data     extern C:\MCC18\src\traditional\math\barg.asm
                 __BARGB3   0x000009       data     extern C:\MCC18\src\traditional\math\barg.asm
                   __BEXP   0x00000d       data     extern C:\MCC18\src\traditional\math\barg.asm
                __FPFLAGS   0x00000f       data     extern C:\MCC18\src\traditional\math\cmath18.asm
            __FPFLAGSbits   0x00000f       data     extern C:\MCC18\src\traditional\math\cmath18.asm
                  __REMB0   0x000003       data     extern C:\MCC18\src\traditional\math\aarg.asm
                  __REMB1   0x000002       data     extern C:\MCC18\src\traditional\math\aarg.asm
                  __REMB2   0x000001       data     extern C:\MCC18\src\traditional\math\aarg.asm
                  __REMB3   0x000000       data     extern C:\MCC18\src\traditional\math\aarg.asm
                   __TEMP   0x000013       data     extern C:\MCC18\src\traditional\math\temparg.asm
                 __TEMPB0   0x000013       data     extern C:\MCC18\src\traditional\math\temparg.asm
                 __TEMPB1   0x000012       data     extern C:\MCC18\src\traditional\math\temparg.asm
                 __TEMPB2   0x000011       data     extern C:\MCC18\src\traditional\math\temparg.asm
                 __TEMPB3   0x000010       data     extern C:\MCC18\src\traditional\math\temparg.asm
                  __tmp_0   0x000014       data     static C:\MCC18\src\traditional\stdclib\sprintf.c
                  __tmp_0   0x000014       data     static C:\MCC18\src\traditional\stdclib\vfprintf.c
                  __tmp_0   0x000014       data     static C:\MCC18\src\traditional\stdclib\putc.c
                  __tmp_0   0x000014       data     static C:\rutles-r2550eb\Flash Recorder - R2550EB\MDD File System\Internal Flash.c
                  __tmp_0   0x000014       data     static C:\rutles-r2550eb\Flash Recorder - R2550EB\USB\usb_device.c
                  __tmp_0   0x000014       data     static C:\rutles-r2550eb\Flash Recorder - R2550EB\USB\MSD Device Driver\usb_function_msd.c
                  __tmp_0   0x000014       data     static C:\rutles-r2550eb\Flash Recorder - R2550EB\flash_recorder.c
                  __tmp_0   0x000014       data     static C:\rutles-r2550eb\Flash Recorder - R2550EB\tinyFAT.c
     controlTransferState   0x000110       data     extern C:\rutles-r2550eb\Flash Recorder - R2550EB\USB\usb_device.c
                curr_byte   0x0000ef       data     static C:\MCC18\src\traditional\startup\c018i.c
               curr_entry   0x0000f1       data     static C:\MCC18\src\traditional\startup\c018i.c
                 data_ptr   0x0000f3       data     static C:\MCC18\src\traditional\startup\c018i.c
              delay_count   0x00014d       data     static C:\rutles-r2550eb\Flash Recorder - R2550EB\main.c
                dir_entry   0x000146       data     extern C:\rutles-r2550eb\Flash Recorder - R2550EB\tinyFAT.c
                 dir_root   0x000126       data     extern C:\rutles-r2550eb\Flash Recorder - R2550EB\tinyFAT.c
              file_buffer   0x0000ac       data     extern C:\rutles-r2550eb\Flash Recorder - R2550EB\MDD File System\Internal Flash.c
             file_is_open   0x000147       data     extern C:\rutles-r2550eb\Flash Recorder - R2550EB\tinyFAT.c
                gblBLKLen   0x0000a8       data     extern C:\rutles-r2550eb\Flash Recorder - R2550EB\USB\MSD Device Driver\usb_function_msd.c
                   gblCBW   0x000061       data     extern C:\rutles-r2550eb\Flash Recorder - R2550EB\USB\MSD Device Driver\usb_function_msd.c
             gblCBWLength   0x000080       data     extern C:\rutles-r2550eb\Flash Recorder - R2550EB\USB\MSD Device Driver\usb_function_msd.c
          gblMediaPresent   0x00009b       data     extern C:\rutles-r2550eb\Flash Recorder - R2550EB\USB\MSD Device Driver\usb_function_msd.c
               gblNumBLKS   0x0000a4       data     extern C:\rutles-r2550eb\Flash Recorder - R2550EB\USB\MSD Device Driver\usb_function_msd.c
             gblSenseData   0x000081       data     extern C:\rutles-r2550eb\Flash Recorder - R2550EB\USB\MSD Device Driver\usb_function_msd.c
                  inPipes   0x000111       data     extern C:\rutles-r2550eb\Flash Recorder - R2550EB\USB\usb_device.c
         mediaInformation   0x000148       data     static C:\rutles-r2550eb\Flash Recorder - R2550EB\MDD File System\Internal Flash.c
               msd_buffer   0x000600       data     extern C:\rutles-r2550eb\Flash Recorder - R2550EB\USB\usb_device.c
                  msd_cbw   0x000430       data     extern C:\rutles-r2550eb\Flash Recorder - R2550EB\USB\usb_device.c
                  msd_csw   0x00044f       data     extern C:\rutles-r2550eb\Flash Recorder - R2550EB\USB\usb_device.c
                  old_sw2   0x0000fc       data     extern C:\rutles-r2550eb\Flash Recorder - R2550EB\flash_recorder.c
                 old_time   0x0000fb       data     extern C:\rutles-r2550eb\Flash Recorder - R2550EB\flash_recorder.c
                 outPipes   0x000116       data     extern C:\rutles-r2550eb\Flash Recorder - R2550EB\USB\usb_device.c
   pBDTEntryEP0OutCurrent   0x000103       data     extern C:\rutles-r2550eb\Flash Recorder - R2550EB\USB\usb_device.c
      pBDTEntryEP0OutNext   0x000105       data     extern C:\rutles-r2550eb\Flash Recorder - R2550EB\USB\usb_device.c
              pBDTEntryIn   0x00010b       data     extern C:\rutles-r2550eb\Flash Recorder - R2550EB\USB\usb_device.c
             pBDTEntryOut   0x000107       data     extern C:\rutles-r2550eb\Flash Recorder - R2550EB\USB\usb_device.c
                     pDst   0x00011d       data     extern C:\rutles-r2550eb\Flash Recorder - R2550EB\USB\usb_device.c
                     prom   0x0000ec       data     static C:\MCC18\src\traditional\startup\c018i.c
              ptrNextData   0x000093       data     extern C:\rutles-r2550eb\Flash Recorder - R2550EB\USB\MSD Device Driver\usb_function_msd.c
        shortPacketStatus   0x00010f       data     extern C:\rutles-r2550eb\Flash Recorder - R2550EB\USB\usb_device.c
                 t1_05sec   0x0000f7       data     extern C:\rutles-r2550eb\Flash Recorder - R2550EB\flash_recorder.c
                 t1_count   0x0000f6       data     extern C:\rutles-r2550eb\Flash Recorder - R2550EB\flash_recorder.c
                  t1_hour   0x0000f9       data     extern C:\rutles-r2550eb\Flash Recorder - R2550EB\flash_recorder.c
                   t1_min   0x0000f8       data     extern C:\rutles-r2550eb\Flash Recorder - R2550EB\flash_recorder.c
                 t1_speed   0x0000fa       data     extern C:\rutles-r2550eb\Flash Recorder - R2550EB\flash_recorder.c



                              Symbols - Sorted by Address
                     Name    Address   Location    Storage File                     
                ---------  ---------  ---------  --------- ---------                
                   _entry   0x000000    program     extern C:\MCC18\src\traditional\startup\c018i.c
       ___return_lbl00000   0x000004    program     static                          
                 High_ISR   0x000008    program     extern C:\rutles-r2550eb\Flash Recorder - R2550EB\main.c
       ___return_lbl00003   0x00000c    program     static                          
                  Low_ISR   0x000018    program     extern C:\rutles-r2550eb\Flash Recorder - R2550EB\main.c
       ___return_lbl00004   0x00001c    program     static                          
                   _reset   0x001000    program     extern C:\rutles-r2550eb\Flash Recorder - R2550EB\main.c
       ___return_lbl00000   0x001004    program     static                          
        Remapped_High_ISR   0x001008    program     extern C:\rutles-r2550eb\Flash Recorder - R2550EB\main.c
       ___return_lbl00001   0x00100c    program     static                          
         Remapped_Low_ISR   0x001018    program     extern C:\rutles-r2550eb\Flash Recorder - R2550EB\main.c
       ___return_lbl00002   0x00101c    program     static                          
            s_put_n_chars   0x001044    program     static C:\MCC18\src\traditional\stdclib\vfprintf.c
                 vfprintf   0x001070    program     extern C:\MCC18\src\traditional\stdclib\vfprintf.c
              __tmplbl_85   0x00109a    program     static                          
              __tmplbl_44   0x001948    program     static                          
              __tmplbl_43   0x001962    program     static                          
                   __pa_0   0x001984    program     static C:\MCC18\src\traditional\stdclib\vfprintf.c
                   __pa_1   0x00198c    program     static C:\MCC18\src\traditional\stdclib\vfprintf.c
                   __pa_2   0x001996    program     static C:\MCC18\src\traditional\stdclib\vfprintf.c
                   __pa_3   0x0019a0    program     static C:\MCC18\src\traditional\stdclib\vfprintf.c
                   __pa_4   0x0019b8    program     static C:\MCC18\src\traditional\stdclib\vfprintf.c
                   __pa_5   0x0019cc    program     static C:\MCC18\src\traditional\stdclib\vfprintf.c
                   __pa_6   0x0019e8    program     static C:\MCC18\src\traditional\stdclib\vfprintf.c
                   __pa_7   0x0019f2    program     static C:\MCC18\src\traditional\stdclib\vfprintf.c
                   __pa_8   0x0019fe    program     static C:\MCC18\src\traditional\stdclib\vfprintf.c
                   __pa_9   0x001a20    program     static C:\MCC18\src\traditional\stdclib\vfprintf.c
                  __pa_10   0x001a40    program     static C:\MCC18\src\traditional\stdclib\vfprintf.c
                  __pa_11   0x001a4e    program     static C:\MCC18\src\traditional\stdclib\vfprintf.c
                  __pa_12   0x001a64    program     static C:\MCC18\src\traditional\stdclib\vfprintf.c
                  __pa_13   0x001a7e    program     static C:\MCC18\src\traditional\stdclib\vfprintf.c
                  __pa_14   0x001a96    program     static C:\MCC18\src\traditional\stdclib\vfprintf.c
                  __pa_15   0x001aa6    program     static C:\MCC18\src\traditional\stdclib\vfprintf.c
                  __pa_16   0x001abc    program     static C:\MCC18\src\traditional\stdclib\vfprintf.c
                  __pa_17   0x001ace    program     static C:\MCC18\src\traditional\stdclib\vfprintf.c
                  __pa_18   0x001ae0    program     static C:\MCC18\src\traditional\stdclib\vfprintf.c
                  __pa_19   0x001aea    program     static C:\MCC18\src\traditional\stdclib\vfprintf.c
                  __pa_20   0x001afa    program     static C:\MCC18\src\traditional\stdclib\vfprintf.c
                  __pa_21   0x001b0a    program     static C:\MCC18\src\traditional\stdclib\vfprintf.c
                  __pa_22   0x001b1a    program     static C:\MCC18\src\traditional\stdclib\vfprintf.c
              __tmplbl_42   0x001b1a    program     static                          
                  __pa_23   0x001b26    program     static C:\MCC18\src\traditional\stdclib\vfprintf.c
                  __pa_24   0x001b34    program     static C:\MCC18\src\traditional\stdclib\vfprintf.c
                  __pa_25   0x001b3c    program     static C:\MCC18\src\traditional\stdclib\vfprintf.c
                  __pa_26   0x001b46    program     static C:\MCC18\src\traditional\stdclib\vfprintf.c
                  __pa_27   0x001b50    program     static C:\MCC18\src\traditional\stdclib\vfprintf.c
                  __pa_28   0x001b58    program     static C:\MCC18\src\traditional\stdclib\vfprintf.c
                  __pa_29   0x001b66    program     static C:\MCC18\src\traditional\stdclib\vfprintf.c
                  __pa_30   0x001b82    program     static C:\MCC18\src\traditional\stdclib\vfprintf.c
                  __pa_31   0x001b9c    program     static C:\MCC18\src\traditional\stdclib\vfprintf.c
                  __pa_32   0x001bb6    program     static C:\MCC18\src\traditional\stdclib\vfprintf.c
                  __pa_33   0x001bce    program     static C:\MCC18\src\traditional\stdclib\vfprintf.c
                  __pa_34   0x001bd8    program     static C:\MCC18\src\traditional\stdclib\vfprintf.c
                  __pa_35   0x001be6    program     static C:\MCC18\src\traditional\stdclib\vfprintf.c
                  __pa_36   0x001bee    program     static C:\MCC18\src\traditional\stdclib\vfprintf.c
                  __pa_37   0x001bf8    program     static C:\MCC18\src\traditional\stdclib\vfprintf.c
                  __pa_38   0x001c08    program     static C:\MCC18\src\traditional\stdclib\vfprintf.c
                  __pa_39   0x001c16    program     static C:\MCC18\src\traditional\stdclib\vfprintf.c
[...]
                     UEP5   0x000f75       data     extern C:\MCC18\src\traditional\proc\p18F2550.asm
                 UEP5bits   0x000f75       data     extern C:\MCC18\src\traditional\proc\p18F2550.asm
                     UEP6   0x000f76       data     extern C:\MCC18\src\traditional\proc\p18F2550.asm
                 UEP6bits   0x000f76       data     extern C:\MCC18\src\traditional\proc\p18F2550.asm
                     UEP7   0x000f77       data     extern C:\MCC18\src\traditional\proc\p18F2550.asm
                 UEP7bits   0x000f77       data     extern C:\MCC18\src\traditional\proc\p18F2550.asm
                     UEP8   0x000f78       data     extern C:\MCC18\src\traditional\proc\p18F2550.asm
                 UEP8bits   0x000f78       data     extern C:\MCC18\src\traditional\proc\p18F2550.asm
                     UEP9   0x000f79       data     extern C:\MCC18\src\traditional\proc\p18F2550.asm
                 UEP9bits   0x000f79       data     extern C:\MCC18\src\traditional\proc\p18F2550.asm
                UEP10bits   0x000f7a       data     extern C:\MCC18\src\traditional\proc\p18F2550.asm
                    UEP10   0x000f7a       data     extern C:\MCC18\src\traditional\proc\p18F2550.asm
                UEP11bits   0x000f7b       data     extern C:\MCC18\src\traditional\proc\p18F2550.asm
                    UEP11   0x000f7b       data     extern C:\MCC18\src\traditional\proc\p18F2550.asm
                UEP12bits   0x000f7c       data     extern C:\MCC18\src\traditional\proc\p18F2550.asm
                    UEP12   0x000f7c       data     extern C:\MCC18\src\traditional\proc\p18F2550.asm
                UEP13bits   0x000f7d       data     extern C:\MCC18\src\traditional\proc\p18F2550.asm
                    UEP13   0x000f7d       data     extern C:\MCC18\src\traditional\proc\p18F2550.asm
                    UEP14   0x000f7e       data     extern C:\MCC18\src\traditional\proc\p18F2550.asm
                UEP14bits   0x000f7e       data     extern C:\MCC18\src\traditional\proc\p18F2550.asm
                    UEP15   0x000f7f       data     extern C:\MCC18\src\traditional\proc\p18F2550.asm
                UEP15bits   0x000f7f       data     extern C:\MCC18\src\traditional\proc\p18F2550.asm
                    PORTA   0x000f80       data     extern C:\MCC18\src\traditional\proc\p18F2550.asm
                PORTAbits   0x000f80       data     extern C:\MCC18\src\traditional\proc\p18F2550.asm
                    PORTB   0x000f81       data     extern C:\MCC18\src\traditional\proc\p18F2550.asm
                PORTBbits   0x000f81       data     extern C:\MCC18\src\traditional\proc\p18F2550.asm
                PORTCbits   0x000f82       data     extern C:\MCC18\src\traditional\proc\p18F2550.asm
                    PORTC   0x000f82       data     extern C:\MCC18\src\traditional\proc\p18F2550.asm
                PORTEbits   0x000f84       data     extern C:\MCC18\src\traditional\proc\p18F2550.asm
                    PORTE   0x000f84       data     extern C:\MCC18\src\traditional\proc\p18F2550.asm
                     LATA   0x000f89       data     extern C:\MCC18\src\traditional\proc\p18F2550.asm
                 LATAbits   0x000f89       data     extern C:\MCC18\src\traditional\proc\p18F2550.asm
                     LATB   0x000f8a       data     extern C:\MCC18\src\traditional\proc\p18F2550.asm
                 LATBbits   0x000f8a       data     extern C:\MCC18\src\traditional\proc\p18F2550.asm
                 LATCbits   0x000f8b       data     extern C:\MCC18\src\traditional\proc\p18F2550.asm
                     LATC   0x000f8b       data     extern C:\MCC18\src\traditional\proc\p18F2550.asm
                     DDRA   0x000f92       data     extern C:\MCC18\src\traditional\proc\p18F2550.asm
                    TRISA   0x000f92       data     extern C:\MCC18\src\traditional\proc\p18F2550.asm
                TRISAbits   0x000f92       data     extern C:\MCC18\src\traditional\proc\p18F2550.asm
                 DDRAbits   0x000f92       data     extern C:\MCC18\src\traditional\proc\p18F2550.asm
                    TRISB   0x000f93       data     extern C:\MCC18\src\traditional\proc\p18F2550.asm
                TRISBbits   0x000f93       data     extern C:\MCC18\src\traditional\proc\p18F2550.asm
                 DDRBbits   0x000f93       data     extern C:\MCC18\src\traditional\proc\p18F2550.asm
                     DDRB   0x000f93       data     extern C:\MCC18\src\traditional\proc\p18F2550.asm
                    TRISC   0x000f94       data     extern C:\MCC18\src\traditional\proc\p18F2550.asm
                TRISCbits   0x000f94       data     extern C:\MCC18\src\traditional\proc\p18F2550.asm
                 DDRCbits   0x000f94       data     extern C:\MCC18\src\traditional\proc\p18F2550.asm
                     DDRC   0x000f94       data     extern C:\MCC18\src\traditional\proc\p18F2550.asm
              OSCTUNEbits   0x000f9b       data     extern C:\MCC18\src\traditional\proc\p18F2550.asm
                  OSCTUNE   0x000f9b       data     extern C:\MCC18\src\traditional\proc\p18F2550.asm
                     PIE1   0x000f9d       data     extern C:\MCC18\src\traditional\proc\p18F2550.asm
                 PIE1bits   0x000f9d       data     extern C:\MCC18\src\traditional\proc\p18F2550.asm
                     PIR1   0x000f9e       data     extern C:\MCC18\src\traditional\proc\p18F2550.asm
                 PIR1bits   0x000f9e       data     extern C:\MCC18\src\traditional\proc\p18F2550.asm
                     IPR1   0x000f9f       data     extern C:\MCC18\src\traditional\proc\p18F2550.asm
                 IPR1bits   0x000f9f       data     extern C:\MCC18\src\traditional\proc\p18F2550.asm
                     PIE2   0x000fa0       data     extern C:\MCC18\src\traditional\proc\p18F2550.asm
                 PIE2bits   0x000fa0       data     extern C:\MCC18\src\traditional\proc\p18F2550.asm
                     PIR2   0x000fa1       data     extern C:\MCC18\src\traditional\proc\p18F2550.asm
                 PIR2bits   0x000fa1       data     extern C:\MCC18\src\traditional\proc\p18F2550.asm
                 IPR2bits   0x000fa2       data     extern C:\MCC18\src\traditional\proc\p18F2550.asm
                     IPR2   0x000fa2       data     extern C:\MCC18\src\traditional\proc\p18F2550.asm
               EECON1bits   0x000fa6       data     extern C:\MCC18\src\traditional\proc\p18F2550.asm
                   EECON1   0x000fa6       data     extern C:\MCC18\src\traditional\proc\p18F2550.asm
                   EECON2   0x000fa7       data     extern C:\MCC18\src\traditional\proc\p18F2550.asm
                   EEDATA   0x000fa8       data     extern C:\MCC18\src\traditional\proc\p18F2550.asm
                    EEADR   0x000fa9       data     extern C:\MCC18\src\traditional\proc\p18F2550.asm
                    RCSTA   0x000fab       data     extern C:\MCC18\src\traditional\proc\p18F2550.asm
                RCSTAbits   0x000fab       data     extern C:\MCC18\src\traditional\proc\p18F2550.asm
                    TXSTA   0x000fac       data     extern C:\MCC18\src\traditional\proc\p18F2550.asm
                TXSTAbits   0x000fac       data     extern C:\MCC18\src\traditional\proc\p18F2550.asm
                    TXREG   0x000fad       data     extern C:\MCC18\src\traditional\proc\p18F2550.asm
                    RCREG   0x000fae       data     extern C:\MCC18\src\traditional\proc\p18F2550.asm
                    SPBRG   0x000faf       data     extern C:\MCC18\src\traditional\proc\p18F2550.asm
                   SPBRGH   0x000fb0       data     extern C:\MCC18\src\traditional\proc\p18F2550.asm
                T3CONbits   0x000fb1       data     extern C:\MCC18\src\traditional\proc\p18F2550.asm
                    T3CON   0x000fb1       data     extern C:\MCC18\src\traditional\proc\p18F2550.asm
                    TMR3L   0x000fb2       data     extern C:\MCC18\src\traditional\proc\p18F2550.asm
                    TMR3H   0x000fb3       data     extern C:\MCC18\src\traditional\proc\p18F2550.asm
                    CMCON   0x000fb4       data     extern C:\MCC18\src\traditional\proc\p18F2550.asm
                CMCONbits   0x000fb4       data     extern C:\MCC18\src\traditional\proc\p18F2550.asm
               CVRCONbits   0x000fb5       data     extern C:\MCC18\src\traditional\proc\p18F2550.asm
                   CVRCON   0x000fb5       data     extern C:\MCC18\src\traditional\proc\p18F2550.asm
                   CCP1AS   0x000fb6       data     extern C:\MCC18\src\traditional\proc\p18F2550.asm
              ECCP1ASbits   0x000fb6       data     extern C:\MCC18\src\traditional\proc\p18F2550.asm
                  ECCP1AS   0x000fb6       data     extern C:\MCC18\src\traditional\proc\p18F2550.asm
               CCP1ASbits   0x000fb6       data     extern C:\MCC18\src\traditional\proc\p18F2550.asm
             ECCP1DELbits   0x000fb7       data     extern C:\MCC18\src\traditional\proc\p18F2550.asm
                 ECCP1DEL   0x000fb7       data     extern C:\MCC18\src\traditional\proc\p18F2550.asm
              CCP1DELbits   0x000fb7       data     extern C:\MCC18\src\traditional\proc\p18F2550.asm
                  CCP1DEL   0x000fb7       data     extern C:\MCC18\src\traditional\proc\p18F2550.asm
                  BAUDCON   0x000fb8       data     extern C:\MCC18\src\traditional\proc\p18F2550.asm
              BAUDCONbits   0x000fb8       data     extern C:\MCC18\src\traditional\proc\p18F2550.asm
                  CCP2CON   0x000fba       data     extern C:\MCC18\src\traditional\proc\p18F2550.asm
              CCP2CONbits   0x000fba       data     extern C:\MCC18\src\traditional\proc\p18F2550.asm
                    CCPR2   0x000fbb       data     extern C:\MCC18\src\traditional\proc\p18F2550.asm
                   CCPR2L   0x000fbb       data     extern C:\MCC18\src\traditional\proc\p18F2550.asm
                   CCPR2H   0x000fbc       data     extern C:\MCC18\src\traditional\proc\p18F2550.asm
              CCP1CONbits   0x000fbd       data     extern C:\MCC18\src\traditional\proc\p18F2550.asm
                  CCP1CON   0x000fbd       data     extern C:\MCC18\src\traditional\proc\p18F2550.asm
                   CCPR1L   0x000fbe       data     extern C:\MCC18\src\traditional\proc\p18F2550.asm
                    CCPR1   0x000fbe       data     extern C:\MCC18\src\traditional\proc\p18F2550.asm
                   CCPR1H   0x000fbf       data     extern C:\MCC18\src\traditional\proc\p18F2550.asm
               ADCON2bits   0x000fc0       data     extern C:\MCC18\src\traditional\proc\p18F2550.asm
                   ADCON2   0x000fc0       data     extern C:\MCC18\src\traditional\proc\p18F2550.asm
               ADCON1bits   0x000fc1       data     extern C:\MCC18\src\traditional\proc\p18F2550.asm
                   ADCON1   0x000fc1       data     extern C:\MCC18\src\traditional\proc\p18F2550.asm
                   ADCON0   0x000fc2       data     extern C:\MCC18\src\traditional\proc\p18F2550.asm
               ADCON0bits   0x000fc2       data     extern C:\MCC18\src\traditional\proc\p18F2550.asm
                    ADRES   0x000fc3       data     extern C:\MCC18\src\traditional\proc\p18F2550.asm
                   ADRESL   0x000fc3       data     extern C:\MCC18\src\traditional\proc\p18F2550.asm
                   ADRESH   0x000fc4       data     extern C:\MCC18\src\traditional\proc\p18F2550.asm
                  SSPCON2   0x000fc5       data     extern C:\MCC18\src\traditional\proc\p18F2550.asm
              SSPCON2bits   0x000fc5       data     extern C:\MCC18\src\traditional\proc\p18F2550.asm
                  SSPCON1   0x000fc6       data     extern C:\MCC18\src\traditional\proc\p18F2550.asm
              SSPCON1bits   0x000fc6       data     extern C:\MCC18\src\traditional\proc\p18F2550.asm
                  SSPSTAT   0x000fc7       data     extern C:\MCC18\src\traditional\proc\p18F2550.asm
              SSPSTATbits   0x000fc7       data     extern C:\MCC18\src\traditional\proc\p18F2550.asm
                   SSPADD   0x000fc8       data     extern C:\MCC18\src\traditional\proc\p18F2550.asm
                   SSPBUF   0x000fc9       data     extern C:\MCC18\src\traditional\proc\p18F2550.asm
                T2CONbits   0x000fca       data     extern C:\MCC18\src\traditional\proc\p18F2550.asm
                    T2CON   0x000fca       data     extern C:\MCC18\src\traditional\proc\p18F2550.asm
                      PR2   0x000fcb       data     extern C:\MCC18\src\traditional\proc\p18F2550.asm
                     TMR2   0x000fcc       data     extern C:\MCC18\src\traditional\proc\p18F2550.asm
                T1CONbits   0x000fcd       data     extern C:\MCC18\src\traditional\proc\p18F2550.asm
                    T1CON   0x000fcd       data     extern C:\MCC18\src\traditional\proc\p18F2550.asm
                    TMR1L   0x000fce       data     extern C:\MCC18\src\traditional\proc\p18F2550.asm
                    TMR1H   0x000fcf       data     extern C:\MCC18\src\traditional\proc\p18F2550.asm
                 RCONbits   0x000fd0       data     extern C:\MCC18\src\traditional\proc\p18F2550.asm
                     RCON   0x000fd0       data     extern C:\MCC18\src\traditional\proc\p18F2550.asm
                   WDTCON   0x000fd1       data     extern C:\MCC18\src\traditional\proc\p18F2550.asm
               WDTCONbits   0x000fd1       data     extern C:\MCC18\src\traditional\proc\p18F2550.asm
               LVDCONbits   0x000fd2       data     extern C:\MCC18\src\traditional\proc\p18F2550.asm
                   LVDCON   0x000fd2       data     extern C:\MCC18\src\traditional\proc\p18F2550.asm
              HLVDCONbits   0x000fd2       data     extern C:\MCC18\src\traditional\proc\p18F2550.asm
                  HLVDCON   0x000fd2       data     extern C:\MCC18\src\traditional\proc\p18F2550.asm
               OSCCONbits   0x000fd3       data     extern C:\MCC18\src\traditional\proc\p18F2550.asm
                   OSCCON   0x000fd3       data     extern C:\MCC18\src\traditional\proc\p18F2550.asm
                    T0CON   0x000fd5       data     extern C:\MCC18\src\traditional\proc\p18F2550.asm
                T0CONbits   0x000fd5       data     extern C:\MCC18\src\traditional\proc\p18F2550.asm
                    TMR0L   0x000fd6       data     extern C:\MCC18\src\traditional\proc\p18F2550.asm
                    TMR0H   0x000fd7       data     extern C:\MCC18\src\traditional\proc\p18F2550.asm
               STATUSbits   0x000fd8       data     extern C:\MCC18\src\traditional\proc\p18F2550.asm
                   STATUS   0x000fd8       data     extern C:\MCC18\src\traditional\proc\p18F2550.asm
                    FSR2L   0x000fd9       data     extern C:\MCC18\src\traditional\proc\p18F2550.asm
                     FSR2   0x000fd9       data     extern C:\MCC18\src\traditional\proc\p18F2550.asm
                    FSR2H   0x000fda       data     extern C:\MCC18\src\traditional\proc\p18F2550.asm
                   PLUSW2   0x000fdb       data     extern C:\MCC18\src\traditional\proc\p18F2550.asm
                  PREINC2   0x000fdc       data     extern C:\MCC18\src\traditional\proc\p18F2550.asm
                 POSTDEC2   0x000fdd       data     extern C:\MCC18\src\traditional\proc\p18F2550.asm
                 POSTINC2   0x000fde       data     extern C:\MCC18\src\traditional\proc\p18F2550.asm
                    INDF2   0x000fdf       data     extern C:\MCC18\src\traditional\proc\p18F2550.asm
                      BSR   0x000fe0       data     extern C:\MCC18\src\traditional\proc\p18F2550.asm
                     FSR1   0x000fe1       data     extern C:\MCC18\src\traditional\proc\p18F2550.asm
                    FSR1L   0x000fe1       data     extern C:\MCC18\src\traditional\proc\p18F2550.asm
                    FSR1H   0x000fe2       data     extern C:\MCC18\src\traditional\proc\p18F2550.asm
                   PLUSW1   0x000fe3       data     extern C:\MCC18\src\traditional\proc\p18F2550.asm
                  PREINC1   0x000fe4       data     extern C:\MCC18\src\traditional\proc\p18F2550.asm
                 POSTDEC1   0x000fe5       data     extern C:\MCC18\src\traditional\proc\p18F2550.asm
                 POSTINC1   0x000fe6       data     extern C:\MCC18\src\traditional\proc\p18F2550.asm
                    INDF1   0x000fe7       data     extern C:\MCC18\src\traditional\proc\p18F2550.asm
                     WREG   0x000fe8       data     extern C:\MCC18\src\traditional\proc\p18F2550.asm
                     FSR0   0x000fe9       data     extern C:\MCC18\src\traditional\proc\p18F2550.asm
                    FSR0L   0x000fe9       data     extern C:\MCC18\src\traditional\proc\p18F2550.asm
                    FSR0H   0x000fea       data     extern C:\MCC18\src\traditional\proc\p18F2550.asm
                   PLUSW0   0x000feb       data     extern C:\MCC18\src\traditional\proc\p18F2550.asm
                  PREINC0   0x000fec       data     extern C:\MCC18\src\traditional\proc\p18F2550.asm
                 POSTDEC0   0x000fed       data     extern C:\MCC18\src\traditional\proc\p18F2550.asm
                 POSTINC0   0x000fee       data     extern C:\MCC18\src\traditional\proc\p18F2550.asm
                    INDF0   0x000fef       data     extern C:\MCC18\src\traditional\proc\p18F2550.asm
              INTCON3bits   0x000ff0       data     extern C:\MCC18\src\traditional\proc\p18F2550.asm
                  INTCON3   0x000ff0       data     extern C:\MCC18\src\traditional\proc\p18F2550.asm
              INTCON2bits   0x000ff1       data     extern C:\MCC18\src\traditional\proc\p18F2550.asm
                  INTCON2   0x000ff1       data     extern C:\MCC18\src\traditional\proc\p18F2550.asm
               INTCONbits   0x000ff2       data     extern C:\MCC18\src\traditional\proc\p18F2550.asm
                   INTCON   0x000ff2       data     extern C:\MCC18\src\traditional\proc\p18F2550.asm
                     PROD   0x000ff3       data     extern C:\MCC18\src\traditional\proc\p18F2550.asm
                    PRODL   0x000ff3       data     extern C:\MCC18\src\traditional\proc\p18F2550.asm
                    PRODH   0x000ff4       data     extern C:\MCC18\src\traditional\proc\p18F2550.asm
                   TABLAT   0x000ff5       data     extern C:\MCC18\src\traditional\proc\p18F2550.asm
                   TBLPTR   0x000ff6       data     extern C:\MCC18\src\traditional\proc\p18F2550.asm
                  TBLPTRL   0x000ff6       data     extern C:\MCC18\src\traditional\proc\p18F2550.asm
                  TBLPTRH   0x000ff7       data     extern C:\MCC18\src\traditional\proc\p18F2550.asm
                  TBLPTRU   0x000ff8       data     extern C:\MCC18\src\traditional\proc\p18F2550.asm
                      PCL   0x000ff9       data     extern C:\MCC18\src\traditional\proc\p18F2550.asm
                       PC   0x000ff9       data     extern C:\MCC18\src\traditional\proc\p18F2550.asm
                   PCLATH   0x000ffa       data     extern C:\MCC18\src\traditional\proc\p18F2550.asm
                   PCLATU   0x000ffb       data     extern C:\MCC18\src\traditional\proc\p18F2550.asm
                   STKPTR   0x000ffc       data     extern C:\MCC18\src\traditional\proc\p18F2550.asm
               STKPTRbits   0x000ffc       data     extern C:\MCC18\src\traditional\proc\p18F2550.asm
                      TOS   0x000ffd       data     extern C:\MCC18\src\traditional\proc\p18F2550.asm
                     TOSL   0x000ffd       data     extern C:\MCC18\src\traditional\proc\p18F2550.asm
                     TOSH   0x000ffe       data     extern C:\MCC18\src\traditional\proc\p18F2550.asm
                     TOSU   0x000fff       data     extern C:\MCC18\src\traditional\proc\p18F2550.asm


